// Jest Snapshot v1, https://goo.gl/fbAQLP

exports[`Incidents Resolver Correctly Resolves Incident Query 1`] = `
Object {
  "data": Object {
    "incidents": null,
  },
  "errors": Array [
    Object {
      "locations": Array [
        Object {
          "column": 11,
          "line": 3,
        },
      ],
      "message": "Expected Iterable, but did not find one for field Query.incidents.",
      "path": Array [
        "incidents",
      ],
    },
  ],
}
`;
