// Jest Snapshot v1, https://goo.gl/fbAQLP

exports[`Cluster Import Resolver Create Kubernetes Cluster Resource for Import 1`] = `
Object {
  "data": Object {
    "createClusterResource": Object {
      "kind": "Secret",
    },
  },
}
`;

exports[`Cluster Import Resolver Create Kubernetes Cluster Resource for Import should return error msg 1`] = `
Object {
  "data": Object {
    "createClusterResource": null,
  },
  "errors": Array [
    Object {
      "extensions": Object {
        "code": "INTERNAL_SERVER_ERROR",
      },
      "locations": Array [
        Object {
          "column": 13,
          "line": 3,
        },
      ],
      "message": "KlusterletAddonConfig is required for createClusterResource",
      "path": Array [
        "createClusterResource",
      ],
    },
  ],
}
`;
