// Jest Snapshot v1, https://goo.gl/fbAQLP

exports[`Cluster Mutation Correctly Resolves Update Cluster Labels 1`] = `
Object {
  "data": Object {
    "updateResourceLabels": Object {
      "apiVersion": "compliance.mcm.ibm.com/v1alpha1",
      "kind": "Compliance",
      "metadata": Object {
        "creationTimestamp": "2018-09-04T16:13:50Z",
        "deletionGracePeriodSeconds": 0,
        "deletionTimestamp": "2018-09-06T18:34:31Z",
        "finalizers": Array [
          "finalizer.mcm.ibm.com",
        ],
        "generation": 2,
        "name": "compliance-xz",
        "namespace": "mcm",
        "resourceVersion": "4411502",
        "selfLink": "/apis/compliance.mcm.ibm.com/v1alpha1/namespaces/mcm/compliances/compliance-xz",
        "uid": "82dc7a02-b05d-11e8-9a12-005056a0d11b",
      },
      "spec": Object {
        "clusterSelector": Object {
          "matchNames": Array [
            "mycluster",
          ],
        },
        "runtime-rules": Array [
          Object {
            "apiVersion": "policy.mcm.ibm.com/v1alpha1",
            "kind": "Policy",
            "metadata": Object {
              "creationTimestamp": null,
              "name": "policy-xz-1",
            },
            "spec": Object {
              "complianceType": "",
              "namespaces": Object {
                "exclude": Array [
                  "kube*",
                ],
                "include": Array [
                  "default",
                ],
              },
              "remediationAction": "inform",
              "role-templates": Array [
                Object {
                  "apiVersion": "roletemplate.mcm.ibm.com/v1alpha1",
                  "complianceType": "musthave",
                  "kind": "RoleTemplate",
                  "metadata": Object {
                    "creationTimestamp": null,
                    "name": "role-xz-1",
                  },
                  "rules": Array [
                    Object {
                      "complianceType": "musthave",
                      "policyRule": Object {
                        "apiGroups": Array [
                          "extensions",
                          "apps",
                        ],
                        "resources": Array [
                          "deployments",
                        ],
                        "verbs": Array [
                          "get",
                          "list",
                          "watch",
                          "create",
                          "delete",
                          "patch",
                        ],
                      },
                    },
                  ],
                  "selector": Object {
                    "matchLabels": Object {
                      "cloud": "IBM",
                    },
                  },
                  "status": Object {
                    "Validity": Object {},
                  },
                },
              ],
            },
            "status": Object {},
          },
          Object {
            "apiVersion": "policy.mcm.ibm.com/v1alpha1",
            "kind": "Policy",
            "metadata": Object {
              "creationTimestamp": null,
              "name": "policy-xz-2",
            },
            "spec": Object {
              "complianceType": "",
              "namespaces": Object {
                "exclude": Array [
                  "kube*",
                ],
                "include": Array [
                  "default",
                ],
              },
              "remediationAction": "enforce",
              "role-templates": Array [
                Object {
                  "apiVersion": "roletemplate.mcm.ibm.com/v1alpha1",
                  "complianceType": "musthave",
                  "kind": "RoleTemplate",
                  "metadata": Object {
                    "creationTimestamp": null,
                    "name": "role-xz-2",
                  },
                  "rules": Array [
                    Object {
                      "complianceType": "musthave",
                      "policyRule": Object {
                        "apiGroups": Array [
                          "extensions",
                          "apps",
                        ],
                        "resources": Array [
                          "deployments",
                        ],
                        "verbs": Array [
                          "get",
                          "list",
                          "watch",
                          "delete",
                        ],
                      },
                    },
                    Object {
                      "complianceType": "mustnothave",
                      "policyRule": Object {
                        "apiGroups": Array [
                          "core",
                        ],
                        "resources": Array [
                          "pods",
                        ],
                        "verbs": Array [
                          "create",
                          "update",
                          "patch",
                        ],
                      },
                    },
                    Object {
                      "complianceType": "",
                      "policyRule": Object {
                        "apiGroups": Array [
                          "core",
                        ],
                        "resources": Array [
                          "secrets",
                        ],
                        "verbs": Array [
                          "get",
                          "watch",
                          "list",
                          "create",
                          "delete",
                          "update",
                          "patch",
                        ],
                      },
                    },
                  ],
                  "selector": Object {
                    "matchLabels": Object {
                      "cloud": "IBM",
                    },
                  },
                  "status": Object {
                    "Validity": Object {},
                  },
                },
              ],
            },
            "status": Object {},
          },
        ],
      },
      "status": Object {
        "mycluster": Object {
          "aggregatePoliciesStatus": Object {
            "policy-xz-1": Object {
              "Compliant": "NonCompliant",
              "Valid": true,
            },
            "policy-xz-2": Object {
              "Compliant": "Compliant",
              "Valid": true,
            },
          },
          "clustername": "mycluster",
          "compliant": "NonCompliant",
        },
      },
    },
  },
}
`;

exports[`Cluster Resolver Correctly Resolves Cluster Query 1`] = `
Object {
  "data": Object {
    "clusters": Array [
      Object {
        "clusterip": "9.42.23.230",
        "metadata": Object {
          "creationTimestamp": "2018-08-13T16:56:41Z",
          "labels": Object {
            "cloud": "IBM",
            "datacenter": "toronto",
            "environment": "Dev",
            "name": "managed-cluster",
            "owner": "marketing",
            "region": "US",
            "vendor": "ICP",
          },
          "name": "managed-cluster",
          "namespace": "default",
          "uid": "d9f3a5aa-9f19-11e8-855e-f2b998610544",
        },
        "nodes": 2,
        "status": "ok",
        "totalMemory": "21",
        "totalStorage": "60",
      },
      Object {
        "clusterip": "9.42.23.230",
        "metadata": Object {
          "creationTimestamp": "2018-08-13T16:56:41Z",
          "labels": Object {
            "cloud": "IBM",
            "datacenter": "raleigh",
            "environment": "Dev",
            "name": "hub-cluster",
            "owner": "development",
            "region": "US",
            "vendor": "ICP",
          },
          "name": "hub-cluster",
          "namespace": "kube-system",
          "uid": "d9f3a5aa-9f19-11e8-855e-f2b998610544",
        },
        "nodes": 3,
        "status": "ok",
        "totalMemory": "21",
        "totalStorage": "75",
      },
    ],
  },
}
`;
