// Jest Snapshot v1, https://goo.gl/fbAQLP

exports[`Cluster Mutation Correctly Resolves Update Cluster Labels 1`] = `
Object {
  "data": Object {
    "updateLabels": Object {
      "apiVersion": "clusterregistry.k8s.io/v1alpha1",
      "items": Array [
        Object {
          "apiVersion": "clusterregistry.k8s.io/v1alpha1",
          "kind": "Cluster",
          "metadata": Object {
            "annotations": Object {
              "mcm.ibm.com/user-group": "c3lzdGVtOnNlcnZpY2VhY2NvdW50cyxzeXN0ZW06c2VydmljZWFjY291bnRzOmt1YmUtc3lzdGVtLHN5c3RlbTphdXRoZW50aWNhdGVk",
              "mcm.ibm.com/user-identity": "c3lzdGVtOnNlcnZpY2VhY2NvdW50Omt1YmUtc3lzdGVtOmRlZmF1bHQ=",
            },
            "creationTimestamp": "2018-08-13T16:56:41Z",
            "finalizers": Array [
              "finalizer.hcm.ibm.com",
            ],
            "labels": Object {
              "cloud": "IBM",
              "datacenter": "toronto",
              "environment": "Dev",
              "name": "mycluster.icp",
              "owner": "marketing",
              "region": "US",
              "vendor": "ICP",
            },
            "name": "mycluster.icp",
            "namespace": "default",
            "resourceVersion": "136558",
            "selfLink": "/apis/clusterregistry.k8s.io/v1alpha1/namespaces/default/clusters/mycluster.icp",
            "uid": "d9f3a5aa-9f19-11e8-855e-f2b998610544",
          },
          "spec": Object {
            "authInfo": Object {},
            "kubernetesApiEndpoints": Object {
              "serverEndpoints": Array [
                Object {
                  "serverAddress": "9.42.80.212:8001",
                },
              ],
            },
          },
          "status": Object {
            "conditions": Array [
              Object {
                "lastHeartbeatTime": "2018-08-15T19:41:20Z",
                "lastTransitionTime": null,
                "status": "",
                "type": "OK",
              },
            ],
          },
        },
      ],
      "kind": "ClusterList",
      "metadata": Object {
        "resourceVersion": "136667",
        "selfLink": "/apis/clusterregistry.k8s.io/v1alpha1/clusters",
      },
    },
  },
}
`;

exports[`Cluster Resolver Correctly Resolves Cluster Query 1`] = `
Object {
  "data": Object {
    "clusters": Array [
      Object {
        "clusterip": "9.42.23.230",
        "metadata": Object {
          "creationTimestamp": "2018-09-04T12:32:59Z",
          "labels": Object {
            "cloud": "IBM",
            "datacenter": "toronto",
            "environment": "Dev",
            "name": "managed-cluster",
            "owner": "marketing",
            "region": "US",
            "vendor": "ICP",
          },
          "name": "managed-cluster",
          "namespace": "mycluster",
          "uid": "a83b98b7-b03e-11e8-bd43-b69970856045",
        },
        "nodes": 2,
        "status": "ok",
        "totalMemory": "21",
        "totalStorage": "60",
      },
      Object {
        "clusterip": "9.42.23.230",
        "metadata": Object {
          "creationTimestamp": "2018-09-04T12:32:59Z",
          "labels": Object {
            "cloud": "IBM",
            "datacenter": "toronto",
            "environment": "Dev",
            "name": "hub-cluster",
            "owner": "marketing",
            "region": "US",
            "vendor": "ICP",
          },
          "name": "hub-cluster",
          "namespace": "mycluster",
          "uid": "a83b98b7-b03e-11e8-bd43-b69970856045",
        },
        "nodes": 3,
        "status": "ok",
        "totalMemory": "21",
        "totalStorage": "75",
      },
    ],
  },
}
`;
