// Jest Snapshot v1, https://goo.gl/fbAQLP

exports[`Dashboard Resolver Correctly Resolves Dashboard Query 1`] = `
Object {
  "data": Object {
    "dashboard": Object {
      "cardItems": Array [
        Object {
          "critical": 0,
          "error": null,
          "healthy": 2,
          "name": "cpu",
          "warning": 0,
        },
        Object {
          "critical": 0,
          "error": null,
          "healthy": 2,
          "name": "memory",
          "warning": 0,
        },
        Object {
          "critical": 0,
          "error": null,
          "healthy": 1,
          "name": "storage",
          "warning": 1,
        },
        Object {
          "critical": 0,
          "error": null,
          "healthy": 2,
          "name": "clusters",
          "warning": 0,
        },
        Object {
          "critical": 0,
          "error": null,
          "healthy": 37,
          "name": "helm releases",
          "warning": 0,
        },
        Object {
          "critical": 0,
          "error": null,
          "healthy": 79,
          "name": "pods",
          "warning": 0,
        },
        Object {
          "critical": 0,
          "error": null,
          "healthy": 5,
          "name": "pvs",
          "warning": 1,
        },
      ],
    },
  },
}
`;
