// Jest Snapshot v1, https://goo.gl/fbAQLP

exports[`Dashboard Resolver Correctly Resolves Dashboard Query 1`] = `
Object {
  "data": Object {
    "dashboard": Object {
      "cardItems": Array [
        Object {
          "critical": 0,
          "error": null,
          "healthy": 2,
          "name": "clusters",
          "table": Array [
            Object {
              "clusterIP": "9.42.23.230",
              "percentage": null,
              "resourceName": "managed-cluster",
              "status": "healthy",
            },
            Object {
              "clusterIP": "9.42.23.230",
              "percentage": null,
              "resourceName": "hub-cluster",
              "status": "healthy",
            },
          ],
          "warning": 0,
        },
        Object {
          "critical": 0,
          "error": null,
          "healthy": 37,
          "name": "helm releases",
          "table": Array [
            Object {
              "clusterIP": "9.42.23.230",
              "percentage": null,
              "resourceName": "audit-logging",
              "status": "healthy",
            },
            Object {
              "clusterIP": "9.42.23.230",
              "percentage": null,
              "resourceName": "auth-apikeys",
              "status": "healthy",
            },
            Object {
              "clusterIP": "9.42.23.230",
              "percentage": null,
              "resourceName": "auth-idp",
              "status": "healthy",
            },
            Object {
              "clusterIP": "9.42.23.230",
              "percentage": null,
              "resourceName": "auth-pap",
              "status": "healthy",
            },
            Object {
              "clusterIP": "9.42.23.230",
              "percentage": null,
              "resourceName": "auth-pdp",
              "status": "healthy",
            },
          ],
          "warning": 0,
        },
        Object {
          "critical": 0,
          "error": null,
          "healthy": 79,
          "name": "pods",
          "table": Array [
            Object {
              "clusterIP": "",
              "percentage": null,
              "resourceName": "ibm-cert-manager-cert-manager-9c6944dc5-6xgtx",
              "status": "healthy",
            },
            Object {
              "clusterIP": "",
              "percentage": null,
              "resourceName": "audit-logging-fluentd-ds-jz2vs",
              "status": "healthy",
            },
            Object {
              "clusterIP": "",
              "percentage": null,
              "resourceName": "audit-logging-fluentd-ds-kghsh",
              "status": "healthy",
            },
            Object {
              "clusterIP": "",
              "percentage": null,
              "resourceName": "audit-logging-fluentd-ds-xvcgr",
              "status": "healthy",
            },
            Object {
              "clusterIP": "",
              "percentage": null,
              "resourceName": "auth-apikeys-8m4pl",
              "status": "healthy",
            },
          ],
          "warning": 0,
        },
        Object {
          "critical": 0,
          "error": null,
          "healthy": 5,
          "name": "pvs",
          "table": Array [
            Object {
              "clusterIP": "",
              "percentage": null,
              "resourceName": "logging-datanode-9.42.23.230",
              "status": "warning",
            },
            Object {
              "clusterIP": "",
              "percentage": null,
              "resourceName": "helm-repo-pv",
              "status": "healthy",
            },
            Object {
              "clusterIP": "",
              "percentage": null,
              "resourceName": "image-manager-9.42.23.230",
              "status": "healthy",
            },
            Object {
              "clusterIP": "",
              "percentage": null,
              "resourceName": "mariadb-9.42.23.230",
              "status": "healthy",
            },
            Object {
              "clusterIP": "",
              "percentage": null,
              "resourceName": "mgmt-repo-pv",
              "status": "healthy",
            },
          ],
          "warning": 1,
        },
        Object {
          "critical": 0,
          "error": null,
          "healthy": 2,
          "name": "cpu",
          "table": Array [
            Object {
              "clusterIP": "9.42.23.230",
              "percentage": 37,
              "resourceName": "managed-cluster",
              "status": "healthy",
            },
            Object {
              "clusterIP": "9.42.23.230",
              "percentage": 41,
              "resourceName": "hub-cluster",
              "status": "healthy",
            },
          ],
          "warning": 0,
        },
        Object {
          "critical": 0,
          "error": null,
          "healthy": 2,
          "name": "memory",
          "table": Array [
            Object {
              "clusterIP": "9.42.23.230",
              "percentage": 21,
              "resourceName": "managed-cluster",
              "status": "healthy",
            },
            Object {
              "clusterIP": "9.42.23.230",
              "percentage": 21,
              "resourceName": "hub-cluster",
              "status": "healthy",
            },
          ],
          "warning": 0,
        },
        Object {
          "critical": 0,
          "error": null,
          "healthy": 1,
          "name": "storage",
          "table": Array [
            Object {
              "clusterIP": "9.42.23.230",
              "percentage": 75,
              "resourceName": "hub-cluster",
              "status": "warning",
            },
            Object {
              "clusterIP": "9.42.23.230",
              "percentage": 60,
              "resourceName": "managed-cluster",
              "status": "healthy",
            },
          ],
          "warning": 1,
        },
      ],
      "pieChartItems": Array [],
    },
  },
}
`;
