// Jest Snapshot v1, https://goo.gl/fbAQLP

exports[`Helm Chart Resolver Correctly Resolves Helm Chart Query 1`] = `
Object {
  "data": Object {
    "charts": Array [
      Object {
        "name": "acs-engine-autoscaler",
        "repoName": "google",
        "urls": Array [
          "https://kubernetes-charts.storage.googleapis.com/acs-engine-autoscaler-2.2.0.tgz",
        ],
        "version": "2.2.0",
      },
      Object {
        "name": "aerospike",
        "repoName": "google",
        "urls": Array [
          "https://kubernetes-charts.storage.googleapis.com/aerospike-0.1.7.tgz",
        ],
        "version": "0.1.7",
      },
      Object {
        "name": "zetcd",
        "repoName": "google",
        "urls": Array [
          "https://kubernetes-charts.storage.googleapis.com/zetcd-0.1.9.tgz",
        ],
        "version": "0.1.9",
      },
    ],
  },
}
`;

exports[`Helm Chart Resolver Correctly Resolves Install Helm Chart 1`] = `
Object {
  "data": Object {
    "installHelmChart": Array [
      Object {
        "cluster": "hub-cluster",
        "name": "test-acs-engine",
        "namespace": "kube-system",
        "status": "Completed",
      },
    ],
  },
}
`;
