// Jest Snapshot v1, https://goo.gl/fbAQLP

exports[`Helm Repository Resolver Correctly Resolves Delete Helm Repository Mutation 1`] = `"{\\"data\\":{\\"deleteHelmRepository\\":{\\"Name\\":\\"testRepo\\",\\"URL\\":\\"https://testRepo.com\\"}}}"`;

exports[`Helm Repository Resolver Correctly Resolves Helm Repository Query 1`] = `"{\\"data\\":{\\"repos\\":[{\\"Name\\":\\"google\\",\\"URL\\":\\"https://kubernetes-charts.storage.googleapis.com/\\"}]}}"`;

exports[`Helm Repository Resolver Correctly Resolves Set Helm Repository Mutation 1`] = `"{\\"data\\":{\\"setHelmRepo\\":{\\"Name\\":\\"testRepo\\",\\"URL\\":\\"https://testRepo.com\\"}}}"`;
