// Jest Snapshot v1, https://goo.gl/fbAQLP

exports[`Helm Release Resolver Correctly Resolves Helm Release Query 1`] = `
Object {
  "data": Object {
    "releases": Array [
      Object {
        "chartName": "audit-logging",
        "chartVersion": "99.99.99",
        "cluster": Object {
          "clusterip": "9.42.23.230",
          "metadata": Object {
            "name": "hub-cluster",
          },
        },
        "lastDeployed": "1536085446",
        "name": "audit-logging",
        "namespace": "kube-system",
        "status": "DEPLOYED",
        "version": 1,
      },
      Object {
        "chartName": "auth-apikeys",
        "chartVersion": "99.99.99",
        "cluster": Object {
          "clusterip": "9.42.23.230",
          "metadata": Object {
            "name": "hub-cluster",
          },
        },
        "lastDeployed": "1536084433",
        "name": "auth-apikeys",
        "namespace": "kube-system",
        "status": "DEPLOYED",
        "version": 1,
      },
      Object {
        "chartName": "auth-idp",
        "chartVersion": "99.99.99",
        "cluster": Object {
          "clusterip": "9.42.23.230",
          "metadata": Object {
            "name": "hub-cluster",
          },
        },
        "lastDeployed": "1536084428",
        "name": "auth-idp",
        "namespace": "kube-system",
        "status": "DEPLOYED",
        "version": 1,
      },
      Object {
        "chartName": "auth-pap",
        "chartVersion": "99.99.99",
        "cluster": Object {
          "clusterip": "9.42.23.230",
          "metadata": Object {
            "name": "hub-cluster",
          },
        },
        "lastDeployed": "1536084436",
        "name": "auth-pap",
        "namespace": "kube-system",
        "status": "DEPLOYED",
        "version": 1,
      },
      Object {
        "chartName": "auth-pdp",
        "chartVersion": "99.99.99",
        "cluster": Object {
          "clusterip": "9.42.23.230",
          "metadata": Object {
            "name": "hub-cluster",
          },
        },
        "lastDeployed": "1536084440",
        "name": "auth-pdp",
        "namespace": "kube-system",
        "status": "DEPLOYED",
        "version": 1,
      },
      Object {
        "chartName": "calico",
        "chartVersion": "99.99.99",
        "cluster": Object {
          "clusterip": "9.42.23.230",
          "metadata": Object {
            "name": "hub-cluster",
          },
        },
        "lastDeployed": "1536084159",
        "name": "calico",
        "namespace": "kube-system",
        "status": "DEPLOYED",
        "version": 1,
      },
      Object {
        "chartName": "icp-catalog-chart",
        "chartVersion": "99.99.99",
        "cluster": Object {
          "clusterip": "9.42.23.230",
          "metadata": Object {
            "name": "hub-cluster",
          },
        },
        "lastDeployed": "1536085380",
        "name": "catalog-ui",
        "namespace": "kube-system",
        "status": "DEPLOYED",
        "version": 1,
      },
      Object {
        "chartName": "ibm-cert-manager",
        "chartVersion": "99.99.99",
        "cluster": Object {
          "clusterip": "9.42.23.230",
          "metadata": Object {
            "name": "hub-cluster",
          },
        },
        "lastDeployed": "1536084229",
        "name": "cert-manager",
        "namespace": "cert-manager",
        "status": "DEPLOYED",
        "version": 1,
      },
      Object {
        "chartName": "ibm-custom-metrics-adapter",
        "chartVersion": "99.99.99",
        "cluster": Object {
          "clusterip": "9.42.23.230",
          "metadata": Object {
            "name": "hub-cluster",
          },
        },
        "lastDeployed": "1536085148",
        "name": "custom-metrics-adapter",
        "namespace": "kube-system",
        "status": "DEPLOYED",
        "version": 1,
      },
      Object {
        "chartName": "gbapp",
        "chartVersion": "0.1.0",
        "cluster": Object {
          "clusterip": "9.42.23.230",
          "metadata": Object {
            "name": "hub-cluster",
          },
        },
        "lastDeployed": "1536162383",
        "name": "gbapp",
        "namespace": "kube-system",
        "status": "DEPLOYED",
        "version": 1,
      },
      Object {
        "chartName": "heapster",
        "chartVersion": "99.99.99",
        "cluster": Object {
          "clusterip": "9.42.23.230",
          "metadata": Object {
            "name": "hub-cluster",
          },
        },
        "lastDeployed": "1536085131",
        "name": "heapster",
        "namespace": "kube-system",
        "status": "DEPLOYED",
        "version": 1,
      },
      Object {
        "chartName": "helm-api",
        "chartVersion": "99.99.99",
        "cluster": Object {
          "clusterip": "9.42.23.230",
          "metadata": Object {
            "name": "hub-cluster",
          },
        },
        "lastDeployed": "1536085385",
        "name": "helm-api",
        "namespace": "kube-system",
        "status": "DEPLOYED",
        "version": 1,
      },
      Object {
        "chartName": "helm-repo",
        "chartVersion": "99.99.99",
        "cluster": Object {
          "clusterip": "9.42.23.230",
          "metadata": Object {
            "name": "hub-cluster",
          },
        },
        "lastDeployed": "1536085135",
        "name": "helm-repo",
        "namespace": "kube-system",
        "status": "DEPLOYED",
        "version": 1,
      },
      Object {
        "chartName": "icp-management-ingress",
        "chartVersion": "99.99.99",
        "cluster": Object {
          "clusterip": "9.42.23.230",
          "metadata": Object {
            "name": "hub-cluster",
          },
        },
        "lastDeployed": "1536084444",
        "name": "icp-management-ingress",
        "namespace": "kube-system",
        "status": "DEPLOYED",
        "version": 1,
      },
      Object {
        "chartName": "ibmcloud-image-enforcement",
        "chartVersion": "99.99.99",
        "cluster": Object {
          "clusterip": "9.42.23.230",
          "metadata": Object {
            "name": "hub-cluster",
          },
        },
        "lastDeployed": "1536085139",
        "name": "image-security-enforcement",
        "namespace": "kube-system",
        "status": "DEPLOYED",
        "version": 1,
      },
      Object {
        "chartName": "kube-dns",
        "chartVersion": "99.99.99",
        "cluster": Object {
          "clusterip": "9.42.23.230",
          "metadata": Object {
            "name": "hub-cluster",
          },
        },
        "lastDeployed": "1536084163",
        "name": "kube-dns",
        "namespace": "kube-system",
        "status": "DEPLOYED",
        "version": 1,
      },
      Object {
        "chartName": "gbapp",
        "chartVersion": "0.1.0",
        "cluster": Object {
          "clusterip": "9.42.23.230",
          "metadata": Object {
            "name": "hub-cluster",
          },
        },
        "lastDeployed": "1536163032",
        "name": "kube-system",
        "namespace": "kube-system",
        "status": "DEPLOYED",
        "version": 1,
      },
      Object {
        "chartName": "ibm-icplogging",
        "chartVersion": "2.0.0",
        "cluster": Object {
          "clusterip": "9.42.23.230",
          "metadata": Object {
            "name": "hub-cluster",
          },
        },
        "lastDeployed": "1536085156",
        "name": "logging",
        "namespace": "kube-system",
        "status": "DEPLOYED",
        "version": 1,
      },
      Object {
        "chartName": "mariadb",
        "chartVersion": "99.99.99",
        "cluster": Object {
          "clusterip": "9.42.23.230",
          "metadata": Object {
            "name": "hub-cluster",
          },
        },
        "lastDeployed": "1536084289",
        "name": "mariadb",
        "namespace": "kube-system",
        "status": "DEPLOYED",
        "version": 1,
      },
      Object {
        "chartName": "ibm-mcm-controller",
        "chartVersion": "3.1.0",
        "cluster": Object {
          "clusterip": "9.42.23.230",
          "metadata": Object {
            "name": "hub-cluster",
          },
        },
        "lastDeployed": "1536161718",
        "name": "mcm",
        "namespace": "kube-system",
        "status": "DEPLOYED",
        "version": 1,
      },
      Object {
        "chartName": "gbf",
        "chartVersion": "0.1.0",
        "cluster": Object {
          "clusterip": "9.42.23.230",
          "metadata": Object {
            "name": "hub-cluster",
          },
        },
        "lastDeployed": "1536165889",
        "name": "md-gbapp-gbapp-mycluster-icp",
        "namespace": "default",
        "status": "DEPLOYED",
        "version": 1,
      },
      Object {
        "chartName": "gbrm",
        "chartVersion": "0.1.0",
        "cluster": Object {
          "clusterip": "9.42.23.230",
          "metadata": Object {
            "name": "hub-cluster",
          },
        },
        "lastDeployed": "1536165885",
        "name": "md-gbapp-gbapp-redismaster-mycluster-icp",
        "namespace": "default",
        "status": "DEPLOYED",
        "version": 1,
      },
      Object {
        "chartName": "gbrs",
        "chartVersion": "0.1.0",
        "cluster": Object {
          "clusterip": "9.42.23.230",
          "metadata": Object {
            "name": "hub-cluster",
          },
        },
        "lastDeployed": "1536165886",
        "name": "md-gbapp-gbapp-redisslave-mycluster-icp",
        "namespace": "default",
        "status": "DEPLOYED",
        "version": 1,
      },
      Object {
        "chartName": "gbf",
        "chartVersion": "0.1.0",
        "cluster": Object {
          "clusterip": "9.42.23.230",
          "metadata": Object {
            "name": "hub-cluster",
          },
        },
        "lastDeployed": "1536163045",
        "name": "md-kube-system-gbapp-mycluster-icp",
        "namespace": "default",
        "status": "DEPLOYED",
        "version": 1,
      },
      Object {
        "chartName": "metering",
        "chartVersion": "99.99.99",
        "cluster": Object {
          "clusterip": "9.42.23.230",
          "metadata": Object {
            "name": "hub-cluster",
          },
        },
        "lastDeployed": "1536085143",
        "name": "metering",
        "namespace": "kube-system",
        "status": "DEPLOYED",
        "version": 1,
      },
      Object {
        "chartName": "metrics-server",
        "chartVersion": "99.99.99",
        "cluster": Object {
          "clusterip": "9.42.23.230",
          "metadata": Object {
            "name": "hub-cluster",
          },
        },
        "lastDeployed": "1536084296",
        "name": "metrics-server",
        "namespace": "kube-system",
        "status": "DEPLOYED",
        "version": 1,
      },
      Object {
        "chartName": "mgmt-repo",
        "chartVersion": "99.99.99",
        "cluster": Object {
          "clusterip": "9.42.23.230",
          "metadata": Object {
            "name": "hub-cluster",
          },
        },
        "lastDeployed": "1536085431",
        "name": "mgmt-repo",
        "namespace": "kube-system",
        "status": "DEPLOYED",
        "version": 1,
      },
      Object {
        "chartName": "icp-mongodb",
        "chartVersion": "3.0.0",
        "cluster": Object {
          "clusterip": "9.42.23.230",
          "metadata": Object {
            "name": "hub-cluster",
          },
        },
        "lastDeployed": "1536084245",
        "name": "mongodb",
        "namespace": "kube-system",
        "status": "DEPLOYED",
        "version": 1,
      },
      Object {
        "chartName": "ibm-icpmonitoring",
        "chartVersion": "1.2.0",
        "cluster": Object {
          "clusterip": "9.42.23.230",
          "metadata": Object {
            "name": "hub-cluster",
          },
        },
        "lastDeployed": "1536085374",
        "name": "monitoring",
        "namespace": "kube-system",
        "status": "DEPLOYED",
        "version": 1,
      },
      Object {
        "chartName": "nginx-ingress",
        "chartVersion": "99.99.99",
        "cluster": Object {
          "clusterip": "9.42.23.230",
          "metadata": Object {
            "name": "hub-cluster",
          },
        },
        "lastDeployed": "1536084285",
        "name": "nginx-ingress",
        "namespace": "kube-system",
        "status": "DEPLOYED",
        "version": 1,
      },
      Object {
        "chartName": "nvidia-device-plugin",
        "chartVersion": "99.99.99",
        "cluster": Object {
          "clusterip": "9.42.23.230",
          "metadata": Object {
            "name": "hub-cluster",
          },
        },
        "lastDeployed": "1536084233",
        "name": "nvidia-device-plugin",
        "namespace": "kube-system",
        "status": "DEPLOYED",
        "version": 1,
      },
      Object {
        "chartName": "platform-api",
        "chartVersion": "99.99.99",
        "cluster": Object {
          "clusterip": "9.42.23.230",
          "metadata": Object {
            "name": "hub-cluster",
          },
        },
        "lastDeployed": "1536084292",
        "name": "platform-api",
        "namespace": "kube-system",
        "status": "DEPLOYED",
        "version": 1,
      },
      Object {
        "chartName": "platform-ui",
        "chartVersion": "99.99.99",
        "cluster": Object {
          "clusterip": "9.42.23.230",
          "metadata": Object {
            "name": "hub-cluster",
          },
        },
        "lastDeployed": "1536085152",
        "name": "platform-ui",
        "namespace": "kube-system",
        "status": "DEPLOYED",
        "version": 1,
      },
      Object {
        "chartName": "secret-watcher",
        "chartVersion": "99.99.99",
        "cluster": Object {
          "clusterip": "9.42.23.230",
          "metadata": Object {
            "name": "hub-cluster",
          },
        },
        "lastDeployed": "1536085435",
        "name": "secret-watcher",
        "namespace": "kube-system",
        "status": "DEPLOYED",
        "version": 1,
      },
      Object {
        "chartName": "security-onboarding",
        "chartVersion": "99.99.99",
        "cluster": Object {
          "clusterip": "9.42.23.230",
          "metadata": Object {
            "name": "hub-cluster",
          },
        },
        "lastDeployed": "1536085439",
        "name": "security-onboarding",
        "namespace": "kube-system",
        "status": "DEPLOYED",
        "version": 1,
      },
      Object {
        "chartName": "service-catalog",
        "chartVersion": "99.99.99",
        "cluster": Object {
          "clusterip": "9.42.23.230",
          "metadata": Object {
            "name": "hub-cluster",
          },
        },
        "lastDeployed": "1536084281",
        "name": "service-catalog",
        "namespace": "kube-system",
        "status": "DEPLOYED",
        "version": 1,
      },
      Object {
        "chartName": "unified-router",
        "chartVersion": "99.99.99",
        "cluster": Object {
          "clusterip": "9.42.23.230",
          "metadata": Object {
            "name": "hub-cluster",
          },
        },
        "lastDeployed": "1536085369",
        "name": "unified-router",
        "namespace": "kube-system",
        "status": "DEPLOYED",
        "version": 1,
      },
    ],
  },
}
`;

exports[`Helm Release Resolver from Search Correctly Resolves Helm Release Query 1`] = `
Object {
  "data": Object {
    "releasesFromSearch": Array [
      Object {
        "chartName": null,
        "chartVersion": null,
        "cluster": Object {
          "metadata": null,
        },
        "lastDeployed": null,
        "name": "mock-cluster",
        "namespace": "mock-mcm-cluster",
        "status": "ok",
        "version": null,
      },
      Object {
        "chartName": null,
        "chartVersion": null,
        "cluster": Object {
          "metadata": null,
        },
        "lastDeployed": null,
        "name": "mock-cluster-1",
        "namespace": "mock-mcm-cluster",
        "status": "ok",
        "version": null,
      },
      Object {
        "chartName": null,
        "chartVersion": null,
        "cluster": Object {
          "metadata": null,
        },
        "lastDeployed": null,
        "name": "mock-1.1.1.0",
        "namespace": null,
        "status": null,
        "version": null,
      },
      Object {
        "chartName": null,
        "chartVersion": null,
        "cluster": Object {
          "metadata": null,
        },
        "lastDeployed": null,
        "name": "mock-1.1.1.1",
        "namespace": null,
        "status": null,
        "version": null,
      },
      Object {
        "chartName": null,
        "chartVersion": null,
        "cluster": Object {
          "metadata": null,
        },
        "lastDeployed": null,
        "name": "mock-1.1.1.2",
        "namespace": null,
        "status": null,
        "version": null,
      },
      Object {
        "chartName": null,
        "chartVersion": null,
        "cluster": Object {
          "metadata": null,
        },
        "lastDeployed": null,
        "name": "mock-cluster",
        "namespace": "kube-system",
        "status": "Running",
        "version": null,
      },
      Object {
        "chartName": null,
        "chartVersion": null,
        "cluster": Object {
          "metadata": null,
        },
        "lastDeployed": null,
        "name": "mock-cluster-1",
        "namespace": "kube-system",
        "status": "Running",
        "version": null,
      },
      Object {
        "chartName": null,
        "chartVersion": null,
        "cluster": Object {
          "metadata": null,
        },
        "lastDeployed": null,
        "name": "mock-cluster-2",
        "namespace": "kube-system",
        "status": "Running",
        "version": null,
      },
      Object {
        "chartName": null,
        "chartVersion": null,
        "cluster": Object {
          "metadata": null,
        },
        "lastDeployed": null,
        "name": "mock-cluster-3",
        "namespace": "kube-system",
        "status": "Running",
        "version": null,
      },
      Object {
        "chartName": null,
        "chartVersion": null,
        "cluster": Object {
          "metadata": null,
        },
        "lastDeployed": null,
        "name": "mock-cluster-4",
        "namespace": "kube-system",
        "status": "Running",
        "version": null,
      },
    ],
  },
}
`;
