// Jest Snapshot v1, https://goo.gl/fbAQLP

exports[`Nodes Resolver Correctly Resolves Nodes Query 1`] = `
Object {
  "data": Object {
    "node": Array [
      Object {
        "cluster": Object {
          "clusterip": "9.42.23.230",
          "metadata": Object {
            "name": "hub-cluster",
          },
        },
        "labels": Object {
          "beta.kubernetes.io/arch": "amd64",
          "beta.kubernetes.io/os": "linux",
          "kubernetes.io/hostname": "9.37.137.174",
          "node-role.kubernetes.io/worker": "true",
        },
        "roles": Array [
          "worker",
        ],
        "status": "True",
      },
      Object {
        "cluster": Object {
          "clusterip": "9.42.23.230",
          "metadata": Object {
            "name": "hub-cluster",
          },
        },
        "labels": Object {
          "beta.kubernetes.io/arch": "amd64",
          "beta.kubernetes.io/os": "linux",
          "kubernetes.io/hostname": "9.37.137.92",
          "node-role.kubernetes.io/worker": "true",
        },
        "roles": Array [
          "worker",
        ],
        "status": "True",
      },
      Object {
        "cluster": Object {
          "clusterip": "9.42.23.230",
          "metadata": Object {
            "name": "hub-cluster",
          },
        },
        "labels": Object {
          "beta.kubernetes.io/arch": "amd64",
          "beta.kubernetes.io/os": "linux",
          "etcd": "true",
          "kubernetes.io/hostname": "9.42.23.230",
          "management": "true",
          "master": "true",
          "node-role.kubernetes.io/etcd": "true",
          "node-role.kubernetes.io/management": "true",
          "node-role.kubernetes.io/master": "true",
          "node-role.kubernetes.io/proxy": "true",
          "proxy": "true",
          "role": "master",
        },
        "roles": Array [
          "etcd",
          "management",
          "master",
          "proxy",
        ],
        "status": "True",
      },
    ],
  },
}
`;
