// Jest Snapshot v1, https://goo.gl/fbAQLP

exports[`Overview Resolver Correctly Resolves Overview Query 1`] = `
Object {
  "data": Object {
    "overview": Object {
      "applications": Array [
        Object {
          "metadata": Object {
            "name": "nginx-app-acmtest-helmrepo",
            "namespace": null,
          },
          "raw": null,
          "selector": null,
        },
        Object {
          "metadata": Object {
            "name": "guestbook-app",
            "namespace": null,
          },
          "raw": null,
          "selector": null,
        },
        Object {
          "metadata": Object {
            "name": "cassandra-app",
            "namespace": null,
          },
          "raw": null,
          "selector": null,
        },
        Object {
          "metadata": Object {
            "name": "ansible-tower-job-app",
            "namespace": null,
          },
          "raw": null,
          "selector": null,
        },
        Object {
          "metadata": Object {
            "name": "guestbook-app",
            "namespace": null,
          },
          "raw": null,
          "selector": null,
        },
        Object {
          "metadata": Object {
            "name": "helloworld-app",
            "namespace": null,
          },
          "raw": null,
          "selector": null,
        },
        Object {
          "metadata": Object {
            "name": "mortgage-app",
            "namespace": null,
          },
          "raw": null,
          "selector": null,
        },
        Object {
          "metadata": Object {
            "name": "mortgagecm",
            "namespace": null,
          },
          "raw": null,
          "selector": null,
        },
        Object {
          "metadata": Object {
            "name": "mortgagedc",
            "namespace": null,
          },
          "raw": null,
          "selector": null,
        },
        Object {
          "metadata": Object {
            "name": "mortgageds",
            "namespace": null,
          },
          "raw": null,
          "selector": null,
        },
        Object {
          "metadata": Object {
            "name": "mortgagepod",
            "namespace": null,
          },
          "raw": null,
          "selector": null,
        },
        Object {
          "metadata": Object {
            "name": "mortgagerc",
            "namespace": null,
          },
          "raw": null,
          "selector": null,
        },
        Object {
          "metadata": Object {
            "name": "mortgagers",
            "namespace": null,
          },
          "raw": null,
          "selector": null,
        },
        Object {
          "metadata": Object {
            "name": "git-demo-app",
            "namespace": null,
          },
          "raw": null,
          "selector": null,
        },
        Object {
          "metadata": Object {
            "name": "demo-saude-digital",
            "namespace": null,
          },
          "raw": null,
          "selector": null,
        },
        Object {
          "metadata": Object {
            "name": "git-sub-app",
            "namespace": null,
          },
          "raw": null,
          "selector": null,
        },
        Object {
          "metadata": Object {
            "name": "helloworld",
            "namespace": null,
          },
          "raw": null,
          "selector": null,
        },
        Object {
          "metadata": Object {
            "name": "helm-sub-app",
            "namespace": null,
          },
          "raw": null,
          "selector": null,
        },
        Object {
          "metadata": Object {
            "name": "kevin-test",
            "namespace": null,
          },
          "raw": null,
          "selector": null,
        },
        Object {
          "metadata": Object {
            "name": "local-app-val",
            "namespace": null,
          },
          "raw": null,
          "selector": null,
        },
        Object {
          "metadata": Object {
            "name": "nginx-placement",
            "namespace": null,
          },
          "raw": null,
          "selector": null,
        },
        Object {
          "metadata": Object {
            "name": "nginx-app",
            "namespace": null,
          },
          "raw": null,
          "selector": null,
        },
        Object {
          "metadata": Object {
            "name": "nginx-blue",
            "namespace": null,
          },
          "raw": null,
          "selector": null,
        },
        Object {
          "metadata": Object {
            "name": "nginx-green",
            "namespace": null,
          },
          "raw": null,
          "selector": null,
        },
        Object {
          "metadata": Object {
            "name": "nginx-app-3",
            "namespace": null,
          },
          "raw": null,
          "selector": null,
        },
        Object {
          "metadata": Object {
            "name": "guestbook-app",
            "namespace": null,
          },
          "raw": null,
          "selector": null,
        },
        Object {
          "metadata": Object {
            "name": "gbapp-app01",
            "namespace": null,
          },
          "raw": null,
          "selector": null,
        },
        Object {
          "metadata": Object {
            "name": "test",
            "namespace": null,
          },
          "raw": null,
          "selector": null,
        },
      ],
      "clusters": Array [
        Object {
          "allocatable": Object {
            "cpu": "33",
            "memory": "137847Mi",
          },
          "capacity": Object {
            "cpu": "36",
            "memory": "144591Mi",
          },
          "consoleURL": "https://console-openshift-console.apps.fxiang.dev06.red-chesterfield.com",
          "metadata": Object {
            "labels": Object {
              "cloud": "AWS",
              "environment": "Dev",
              "name": "fxiang",
              "region": "Other",
              "vendor": "OpenShift",
            },
            "name": "fxiang",
            "namespace": "fxiang",
            "uid": null,
          },
          "status": "ok",
        },
      ],
      "compliances": Array [],
    },
  },
}
`;
