// Jest Snapshot v1, https://goo.gl/fbAQLP

exports[`Pods Resolver Correctly Resolves Pod log query 1`] = `
Object {
  "data": Object {
    "logs": "here is the logs",
  },
}
`;

exports[`Pods Resolver Correctly Resolves Pods Query 1`] = `
Object {
  "data": Object {
    "pods": Array [
      Object {
        "cluster": Object {
          "metadata": Object {
            "name": "hub-cluster",
          },
        },
        "hostIP": "9.42.82.240",
        "images": Array [
          "www.ibm.com/ibmcom-amd64/icp-cert-manager-controller:0.3.0",
        ],
        "metadata": Object {
          "creationTimestamp": "2018-10-08T14:11:10Z",
          "labels": Object {
            "app": "ibm-cert-manager",
            "chart": "ibm-cert-manager-3.1.0",
            "heritage": "Tiller",
            "k8s-app": "cert-manager",
            "pod-template-hash": "3059974667",
            "release": "cert-manager",
          },
          "name": "ibm-cert-manager-cert-manager-749ffc8bbc-grfrg",
          "namespace": "cert-manager",
          "uid": "01f77287-cb04-11e8-8a17-005056a0b88e",
        },
        "podIP": "10.1.28.194",
        "restarts": 11,
        "startedAt": "2018-10-08T14:11:10Z",
        "status": "Running",
      },
      Object {
        "cluster": Object {
          "metadata": Object {
            "name": "hub-cluster",
          },
        },
        "hostIP": "9.37.247.195",
        "images": Array [
          "nginx:1.7.9",
        ],
        "metadata": Object {
          "creationTimestamp": "2018-10-29T14:55:44Z",
          "labels": null,
          "name": "nginx",
          "namespace": "default",
          "uid": "b64949d2-db8a-11e8-8a17-005056a0b88e",
        },
        "podIP": "10.1.69.106",
        "restarts": 0,
        "startedAt": "2018-10-29T14:55:44Z",
        "status": "Running",
      },
      Object {
        "cluster": Object {
          "metadata": Object {
            "name": "hub-cluster",
          },
        },
        "hostIP": "9.37.220.141",
        "images": Array [
          "www.ibm.com/ibmcom-amd64/fluentd:v1.2.2-icp",
        ],
        "metadata": Object {
          "creationTimestamp": "2018-10-08T14:22:24Z",
          "labels": Object {
            "app": "audit-logging-fluentd",
            "chart": "audit-logging-3.1.0",
            "component": "fluentd",
            "controller-revision-hash": "1418590040",
            "heritage": "Tiller",
            "pod-template-generation": "1",
            "release": "audit-logging",
            "role": "fluentd",
          },
          "name": "audit-logging-fluentd-ds-lgjpj",
          "namespace": "kube-system",
          "uid": "9388998d-cb05-11e8-8a17-005056a0b88e",
        },
        "podIP": "10.1.105.132",
        "restarts": 0,
        "startedAt": "2018-10-08T14:22:24Z",
        "status": "Running",
      },
      Object {
        "cluster": Object {
          "metadata": Object {
            "name": "hub-cluster",
          },
        },
        "hostIP": "9.37.247.195",
        "images": Array [
          "www.ibm.com/ibmcom-amd64/fluentd:v1.2.2-icp",
        ],
        "metadata": Object {
          "creationTimestamp": "2018-10-08T14:22:24Z",
          "labels": Object {
            "app": "audit-logging-fluentd",
            "chart": "audit-logging-3.1.0",
            "component": "fluentd",
            "controller-revision-hash": "1418590040",
            "heritage": "Tiller",
            "pod-template-generation": "1",
            "release": "audit-logging",
            "role": "fluentd",
          },
          "name": "audit-logging-fluentd-ds-qzvth",
          "namespace": "kube-system",
          "uid": "9388846a-cb05-11e8-8a17-005056a0b88e",
        },
        "podIP": "10.1.69.68",
        "restarts": 0,
        "startedAt": "2018-10-08T14:22:24Z",
        "status": "Running",
      },
      Object {
        "cluster": Object {
          "metadata": Object {
            "name": "hub-cluster",
          },
        },
        "hostIP": "9.42.82.240",
        "images": Array [
          "www.ibm.com/ibmcom-amd64/fluentd:v1.2.2-icp",
        ],
        "metadata": Object {
          "creationTimestamp": "2018-10-08T14:22:24Z",
          "labels": Object {
            "app": "audit-logging-fluentd",
            "chart": "audit-logging-3.1.0",
            "component": "fluentd",
            "controller-revision-hash": "1418590040",
            "heritage": "Tiller",
            "pod-template-generation": "1",
            "release": "audit-logging",
            "role": "fluentd",
          },
          "name": "audit-logging-fluentd-ds-v7r5b",
          "namespace": "kube-system",
          "uid": "9385c48c-cb05-11e8-8a17-005056a0b88e",
        },
        "podIP": "10.1.28.239",
        "restarts": 0,
        "startedAt": "2018-10-08T14:22:24Z",
        "status": "Running",
      },
      Object {
        "cluster": Object {
          "metadata": Object {
            "name": "hub-cluster",
          },
        },
        "hostIP": "9.42.82.240",
        "images": Array [
          "www.ibm.com/ibmcom-amd64/iam-token-service:3.1.0",
        ],
        "metadata": Object {
          "creationTimestamp": "2018-10-08T14:13:02Z",
          "labels": Object {
            "component": "auth-apikeys",
            "controller-revision-hash": "81911170",
            "k8s-app": "auth-apikeys",
            "pod-template-generation": "1",
            "release": "auth-apikeys",
          },
          "name": "auth-apikeys-rsfrx",
          "namespace": "kube-system",
          "uid": "448e529f-cb04-11e8-8a17-005056a0b88e",
        },
        "podIP": "10.1.28.205",
        "restarts": 0,
        "startedAt": "2018-10-08T14:13:02Z",
        "status": "Running",
      },
      Object {
        "cluster": Object {
          "metadata": Object {
            "name": "hub-cluster",
          },
        },
        "hostIP": "9.42.82.240",
        "images": Array [
          "www.ibm.com/ibmcom-amd64/icp-audit-service:3.1.0",
          "www.ibm.com/ibmcom-amd64/icp-platform-auth:3.1.0",
          "www.ibm.com/ibmcom-amd64/icp-identity-provider:3.1.0",
          "www.ibm.com/ibmcom-amd64/icp-identity-manager:3.1.0",
        ],
        "metadata": Object {
          "creationTimestamp": "2018-10-08T14:12:58Z",
          "labels": Object {
            "component": "auth-idp",
            "controller-revision-hash": "830352851",
            "k8s-app": "auth-idp",
            "pod-template-generation": "1",
            "release": "auth-idp",
          },
          "name": "auth-idp-nl5s5",
          "namespace": "kube-system",
          "uid": "426cec14-cb04-11e8-8a17-005056a0b88e",
        },
        "podIP": "10.1.28.206",
        "restarts": 0,
        "startedAt": "2018-10-08T14:12:58Z",
        "status": "Running",
      },
      Object {
        "cluster": Object {
          "metadata": Object {
            "name": "hub-cluster",
          },
        },
        "hostIP": "9.42.82.240",
        "images": Array [
          "www.ibm.com/ibmcom-amd64/iam-policy-administration:3.1.0",
        ],
        "metadata": Object {
          "creationTimestamp": "2018-10-08T14:13:06Z",
          "labels": Object {
            "component": "auth-pap",
            "controller-revision-hash": "831787736",
            "k8s-app": "auth-pap",
            "pod-template-generation": "1",
            "release": "auth-pap",
          },
          "name": "auth-pap-dqsnz",
          "namespace": "kube-system",
          "uid": "46d08ea4-cb04-11e8-8a17-005056a0b88e",
        },
        "podIP": "10.1.28.207",
        "restarts": 0,
        "startedAt": "2018-10-08T14:13:06Z",
        "status": "Running",
      },
      Object {
        "cluster": Object {
          "metadata": Object {
            "name": "hub-cluster",
          },
        },
        "hostIP": "9.42.82.240",
        "images": Array [
          "www.ibm.com/ibmcom-amd64/icp-audit-service:3.1.0",
          "www.ibm.com/ibmcom-amd64/iam-policy-decision:3.1.0",
        ],
        "metadata": Object {
          "creationTimestamp": "2018-10-08T14:13:10Z",
          "labels": Object {
            "component": "auth-pdp",
            "controller-revision-hash": "3709421842",
            "k8s-app": "auth-pdp",
            "pod-template-generation": "1",
            "release": "auth-pdp",
          },
          "name": "auth-pdp-brpms",
          "namespace": "kube-system",
          "uid": "4916e1e5-cb04-11e8-8a17-005056a0b88e",
        },
        "podIP": "10.1.28.208",
        "restarts": 0,
        "startedAt": "2018-10-08T14:13:10Z",
        "status": "Running",
      },
      Object {
        "cluster": Object {
          "metadata": Object {
            "name": "hub-cluster",
          },
        },
        "hostIP": "9.42.82.240",
        "images": Array [
          "www.ibm.com/ibmcom-amd64/calico-kube-controllers:v3.1.3",
        ],
        "metadata": Object {
          "creationTimestamp": "2018-10-08T14:10:02Z",
          "labels": Object {
            "app": "calico-kube-controllers",
            "pod-template-hash": "3480337914",
          },
          "name": "calico-kube-controllers-78d477cf58-82dhs",
          "namespace": "kube-system",
          "uid": "d8f69398-cb03-11e8-8a17-005056a0b88e",
        },
        "podIP": "9.42.82.240",
        "restarts": 0,
        "startedAt": "2018-10-08T14:10:02Z",
        "status": "Running",
      },
      Object {
        "cluster": Object {
          "metadata": Object {
            "name": "hub-cluster",
          },
        },
        "hostIP": "9.42.82.240",
        "images": Array [
          "www.ibm.com/ibmcom-amd64/calico-node:v3.1.3",
          "www.ibm.com/ibmcom-amd64/calico-cni:v3.1.3",
        ],
        "metadata": Object {
          "creationTimestamp": "2018-10-08T14:10:01Z",
          "labels": Object {
            "app": "calico-node",
            "controller-revision-hash": "1879489521",
            "pod-template-generation": "1",
          },
          "name": "calico-node-fzxmv",
          "namespace": "kube-system",
          "uid": "d8f2e24c-cb03-11e8-8a17-005056a0b88e",
        },
        "podIP": "9.42.82.240",
        "restarts": 0,
        "startedAt": "2018-10-08T14:10:02Z",
        "status": "Running",
      },
      Object {
        "cluster": Object {
          "metadata": Object {
            "name": "hub-cluster",
          },
        },
        "hostIP": "9.37.220.141",
        "images": Array [
          "www.ibm.com/ibmcom-amd64/calico-node:v3.1.3",
          "www.ibm.com/ibmcom-amd64/calico-cni:v3.1.3",
        ],
        "metadata": Object {
          "creationTimestamp": "2018-10-08T14:10:02Z",
          "labels": Object {
            "app": "calico-node",
            "controller-revision-hash": "1879489521",
            "pod-template-generation": "1",
          },
          "name": "calico-node-k8xb6",
          "namespace": "kube-system",
          "uid": "d8f62ada-cb03-11e8-8a17-005056a0b88e",
        },
        "podIP": "9.37.220.141",
        "restarts": 0,
        "startedAt": "2018-10-08T14:10:02Z",
        "status": "Running",
      },
      Object {
        "cluster": Object {
          "metadata": Object {
            "name": "hub-cluster",
          },
        },
        "hostIP": "9.37.247.195",
        "images": Array [
          "www.ibm.com/ibmcom-amd64/calico-node:v3.1.3",
          "www.ibm.com/ibmcom-amd64/calico-cni:v3.1.3",
        ],
        "metadata": Object {
          "creationTimestamp": "2018-10-08T14:10:02Z",
          "labels": Object {
            "app": "calico-node",
            "controller-revision-hash": "1879489521",
            "pod-template-generation": "1",
          },
          "name": "calico-node-mhz49",
          "namespace": "kube-system",
          "uid": "d8f8d122-cb03-11e8-8a17-005056a0b88e",
        },
        "podIP": "9.37.247.195",
        "restarts": 0,
        "startedAt": "2018-10-08T14:10:02Z",
        "status": "Running",
      },
      Object {
        "cluster": Object {
          "metadata": Object {
            "name": "hub-cluster",
          },
        },
        "hostIP": "9.42.82.240",
        "images": Array [
          "www.ibm.com/ibmcom/icp-catalog-ui-amd64:3.1.0-mcm",
        ],
        "metadata": Object {
          "creationTimestamp": "2018-10-12T12:42:39Z",
          "labels": Object {
            "controller-revision-hash": "3478305044",
            "k8s-app": "catalog-ui",
            "pod-template-generation": "3",
          },
          "name": "catalog-ui-jc5v5",
          "namespace": "kube-system",
          "uid": "4d8c53e8-ce1c-11e8-8a17-005056a0b88e",
        },
        "podIP": "10.1.28.248",
        "restarts": 0,
        "startedAt": "2018-10-12T12:42:39Z",
        "status": "Running",
      },
      Object {
        "cluster": Object {
          "metadata": Object {
            "name": "hub-cluster",
          },
        },
        "hostIP": "9.42.82.240",
        "images": Array [
          "www.ibm.com/ibmcom-amd64/k8s-prometheus-adapter:v0.2.1.1",
        ],
        "metadata": Object {
          "creationTimestamp": "2018-10-08T14:19:46Z",
          "labels": Object {
            "app": "custom-metrics-adapter",
            "chart": "ibm-custom-metrics-adapter-3.1.0",
            "heritage": "Tiller",
            "pod-template-hash": "1896415606",
            "release": "custom-metrics-adapter",
          },
          "name": "custom-metrics-adapter-5dfb859b4b-2xr86",
          "namespace": "kube-system",
          "uid": "3516555e-cb05-11e8-8a17-005056a0b88e",
        },
        "podIP": "10.1.28.234",
        "restarts": 0,
        "startedAt": "2018-10-08T14:19:46Z",
        "status": "Running",
      },
      Object {
        "cluster": Object {
          "metadata": Object {
            "name": "hub-cluster",
          },
        },
        "hostIP": "9.42.82.240",
        "images": Array [
          "www.ibm.com/ibmcom-amd64/defaultbackend:1.2.1",
        ],
        "metadata": Object {
          "creationTimestamp": "2018-10-08T14:11:39Z",
          "labels": Object {
            "app": "default-backend",
            "component": "default-backend",
            "pod-template-hash": "1727520691",
            "release": "nginx-ingress",
          },
          "name": "default-backend-5c6c964bf5-fws56",
          "namespace": "kube-system",
          "uid": "12f35cfe-cb04-11e8-8a17-005056a0b88e",
        },
        "podIP": "10.1.28.201",
        "restarts": 0,
        "startedAt": "2018-10-08T14:11:39Z",
        "status": "Running",
      },
    ],
  },
}
`;
