// Jest Snapshot v1, https://goo.gl/fbAQLP

exports[`Pods Resolver Correctly Resolves Pods Query 1`] = `
Object {
  "data": Object {
    "pods": Array [
      Object {
        "cluster": "mycluster-icp",
        "hostIP": "10.10.25.44",
        "metadata": Object {
          "creationTimestamp": "2018-09-04T18:03:50Z",
          "labels": null,
          "name": "ibm-cert-manager-cert-manager-9c6944dc5-6xgtx",
          "namespace": "cert-manager",
          "uid": "",
        },
        "podIP": "10.1.15.2",
        "startedAt": "2018-09-04T18:03:50Z",
        "status": "Running",
      },
      Object {
        "cluster": "mycluster-icp",
        "hostIP": "10.10.25.44",
        "metadata": Object {
          "creationTimestamp": "2018-09-04T18:24:06Z",
          "labels": null,
          "name": "audit-logging-fluentd-ds-jz2vs",
          "namespace": "kube-system",
          "uid": "",
        },
        "podIP": "10.1.15.48",
        "startedAt": "2018-09-04T18:24:06Z",
        "status": "Running",
      },
      Object {
        "cluster": "mycluster-icp",
        "hostIP": "10.10.25.52",
        "metadata": Object {
          "creationTimestamp": "2018-09-04T18:24:06Z",
          "labels": null,
          "name": "audit-logging-fluentd-ds-kghsh",
          "namespace": "kube-system",
          "uid": "",
        },
        "podIP": "10.1.125.4",
        "startedAt": "2018-09-04T18:24:06Z",
        "status": "Running",
      },
      Object {
        "cluster": "mycluster-icp",
        "hostIP": "10.10.25.53",
        "metadata": Object {
          "creationTimestamp": "2018-09-04T18:24:06Z",
          "labels": null,
          "name": "audit-logging-fluentd-ds-xvcgr",
          "namespace": "kube-system",
          "uid": "",
        },
        "podIP": "10.1.162.68",
        "startedAt": "2018-09-04T18:24:06Z",
        "status": "Running",
      },
      Object {
        "cluster": "mycluster-icp",
        "hostIP": "10.10.25.44",
        "metadata": Object {
          "creationTimestamp": "2018-09-04T18:07:13Z",
          "labels": null,
          "name": "auth-apikeys-8m4pl",
          "namespace": "kube-system",
          "uid": "",
        },
        "podIP": "10.1.15.14",
        "startedAt": "2018-09-04T18:07:13Z",
        "status": "Running",
      },
      Object {
        "cluster": "mycluster-icp",
        "hostIP": "10.10.25.44",
        "metadata": Object {
          "creationTimestamp": "2018-09-04T18:07:09Z",
          "labels": null,
          "name": "auth-idp-27k2k",
          "namespace": "kube-system",
          "uid": "",
        },
        "podIP": "10.1.15.13",
        "startedAt": "2018-09-04T18:07:09Z",
        "status": "Running",
      },
      Object {
        "cluster": "mycluster-icp",
        "hostIP": "10.10.25.44",
        "metadata": Object {
          "creationTimestamp": "2018-09-04T18:07:16Z",
          "labels": null,
          "name": "auth-pap-cqn6m",
          "namespace": "kube-system",
          "uid": "",
        },
        "podIP": "10.1.15.15",
        "startedAt": "2018-09-04T18:07:17Z",
        "status": "Running",
      },
      Object {
        "cluster": "mycluster-icp",
        "hostIP": "10.10.25.44",
        "metadata": Object {
          "creationTimestamp": "2018-09-04T18:07:20Z",
          "labels": null,
          "name": "auth-pdp-rb26k",
          "namespace": "kube-system",
          "uid": "",
        },
        "podIP": "10.1.15.16",
        "startedAt": "2018-09-04T18:07:21Z",
        "status": "Running",
      },
      Object {
        "cluster": "mycluster-icp",
        "hostIP": "10.10.25.44",
        "metadata": Object {
          "creationTimestamp": "2018-09-04T18:02:40Z",
          "labels": null,
          "name": "calico-kube-controllers-85fd76cbfd-7r5k2",
          "namespace": "kube-system",
          "uid": "",
        },
        "podIP": "10.10.25.44",
        "startedAt": "2018-09-04T18:02:40Z",
        "status": "Running",
      },
      Object {
        "cluster": "mycluster-icp",
        "hostIP": "10.10.25.52",
        "metadata": Object {
          "creationTimestamp": "2018-09-04T18:02:40Z",
          "labels": null,
          "name": "calico-node-7s4t2",
          "namespace": "kube-system",
          "uid": "",
        },
        "podIP": "10.10.25.52",
        "startedAt": "2018-09-04T18:02:40Z",
        "status": "Running",
      },
      Object {
        "cluster": "mycluster-icp",
        "hostIP": "10.10.25.53",
        "metadata": Object {
          "creationTimestamp": "2018-09-04T18:02:40Z",
          "labels": null,
          "name": "calico-node-p4w57",
          "namespace": "kube-system",
          "uid": "",
        },
        "podIP": "10.10.25.53",
        "startedAt": "2018-09-04T18:02:40Z",
        "status": "Running",
      },
      Object {
        "cluster": "mycluster-icp",
        "hostIP": "10.10.25.44",
        "metadata": Object {
          "creationTimestamp": "2018-09-04T18:02:39Z",
          "labels": null,
          "name": "calico-node-rnxcw",
          "namespace": "kube-system",
          "uid": "",
        },
        "podIP": "10.10.25.44",
        "startedAt": "2018-09-04T18:02:40Z",
        "status": "Running",
      },
      Object {
        "cluster": "mycluster-icp",
        "hostIP": "10.10.25.44",
        "metadata": Object {
          "creationTimestamp": "2018-09-05T03:03:44Z",
          "labels": null,
          "name": "catalog-ui-tggtr",
          "namespace": "kube-system",
          "uid": "",
        },
        "podIP": "10.1.15.50",
        "startedAt": "2018-09-05T03:03:44Z",
        "status": "Running",
      },
      Object {
        "cluster": "mycluster-icp",
        "hostIP": "10.10.25.44",
        "metadata": Object {
          "creationTimestamp": "2018-09-04T18:19:09Z",
          "labels": null,
          "name": "custom-metrics-adapter-67fd8c7f5b-j6vt5",
          "namespace": "kube-system",
          "uid": "",
        },
        "podIP": "10.1.15.43",
        "startedAt": "2018-09-04T18:19:09Z",
        "status": "Running",
      },
      Object {
        "cluster": "mycluster-icp",
        "hostIP": "10.10.25.44",
        "metadata": Object {
          "creationTimestamp": "2018-09-04T18:04:45Z",
          "labels": null,
          "name": "default-backend-9cfddc8c7-gfv82",
          "namespace": "kube-system",
          "uid": "",
        },
        "podIP": "10.1.15.9",
        "startedAt": "2018-09-04T18:04:46Z",
        "status": "Running",
      },
      Object {
        "cluster": "mycluster-icp",
        "hostIP": "10.10.25.44",
        "metadata": Object {
          "creationTimestamp": "2018-09-04T18:18:51Z",
          "labels": null,
          "name": "heapster-6dc4657869-kmwwx",
          "namespace": "kube-system",
          "uid": "",
        },
        "podIP": "10.1.15.18",
        "startedAt": "2018-09-04T18:18:51Z",
        "status": "Running",
      },
      Object {
        "cluster": "mycluster-icp",
        "hostIP": "10.10.25.44",
        "metadata": Object {
          "creationTimestamp": "2018-09-04T18:23:46Z",
          "labels": null,
          "name": "helm-api-5dbcd67f44-9sqqj",
          "namespace": "kube-system",
          "uid": "",
        },
        "podIP": "10.1.15.44",
        "startedAt": "2018-09-04T18:23:46Z",
        "status": "Running",
      },
      Object {
        "cluster": "mycluster-icp",
        "hostIP": "10.10.25.44",
        "metadata": Object {
          "creationTimestamp": "2018-09-04T18:18:55Z",
          "labels": null,
          "name": "helm-repo-bcdbc9445-6vxkp",
          "namespace": "kube-system",
          "uid": "",
        },
        "podIP": "10.1.15.19",
        "startedAt": "2018-09-04T18:18:55Z",
        "status": "Running",
      },
      Object {
        "cluster": "mycluster-icp",
        "hostIP": "10.10.25.44",
        "metadata": Object {
          "creationTimestamp": "2018-09-04T18:18:59Z",
          "labels": null,
          "name": "ibmcloud-image-enforcement-5bc5b466dd-dq6bq",
          "namespace": "kube-system",
          "uid": "",
        },
        "podIP": "10.1.15.20",
        "startedAt": "2018-09-04T18:18:59Z",
        "status": "Running",
      },
      Object {
        "cluster": "mycluster-icp",
        "hostIP": "10.10.25.44",
        "metadata": Object {
          "creationTimestamp": "2018-09-04T18:07:24Z",
          "labels": null,
          "name": "icp-management-ingress-w6j8c",
          "namespace": "kube-system",
          "uid": "",
        },
        "podIP": "10.1.15.17",
        "startedAt": "2018-09-04T18:07:24Z",
        "status": "Running",
      },
      Object {
        "cluster": "mycluster-icp",
        "hostIP": "10.10.25.44",
        "metadata": Object {
          "creationTimestamp": "2018-09-04T18:04:05Z",
          "labels": null,
          "name": "icp-mongodb-0",
          "namespace": "kube-system",
          "uid": "",
        },
        "podIP": "10.1.15.4",
        "startedAt": "2018-09-04T18:04:05Z",
        "status": "Running",
      },
      Object {
        "cluster": "mycluster-icp",
        "hostIP": "10.10.25.44",
        "metadata": Object {
          "creationTimestamp": "2018-09-04T18:00:34Z",
          "labels": null,
          "name": "image-manager-0",
          "namespace": "kube-system",
          "uid": "",
        },
        "podIP": "10.10.25.44",
        "startedAt": "2018-09-04T18:00:34Z",
        "status": "Running",
      },
      Object {
        "cluster": "mycluster-icp",
        "hostIP": "10.10.25.44",
        "metadata": Object {
          "creationTimestamp": "2018-09-04T17:59:52Z",
          "labels": null,
          "name": "k8s-etcd-10.10.25.44",
          "namespace": "kube-system",
          "uid": "",
        },
        "podIP": "10.10.25.44",
        "startedAt": "2018-09-04T17:57:07Z",
        "status": "Running",
      },
      Object {
        "cluster": "mycluster-icp",
        "hostIP": "10.10.25.44",
        "metadata": Object {
          "creationTimestamp": "2018-09-04T18:00:24Z",
          "labels": null,
          "name": "k8s-master-10.10.25.44",
          "namespace": "kube-system",
          "uid": "",
        },
        "podIP": "10.10.25.44",
        "startedAt": "2018-09-04T17:59:03Z",
        "status": "Running",
      },
      Object {
        "cluster": "mycluster-icp",
        "hostIP": "10.10.25.44",
        "metadata": Object {
          "creationTimestamp": "2018-09-04T18:00:22Z",
          "labels": null,
          "name": "k8s-proxy-10.10.25.44",
          "namespace": "kube-system",
          "uid": "",
        },
        "podIP": "10.10.25.44",
        "startedAt": "2018-09-04T17:56:54Z",
        "status": "Running",
      },
      Object {
        "cluster": "mycluster-icp",
        "hostIP": "10.10.25.52",
        "metadata": Object {
          "creationTimestamp": "2018-09-04T18:02:31Z",
          "labels": null,
          "name": "k8s-proxy-10.10.25.52",
          "namespace": "kube-system",
          "uid": "",
        },
        "podIP": "10.10.25.52",
        "startedAt": "2018-09-04T18:02:31Z",
        "status": "Running",
      },
      Object {
        "cluster": "mycluster-icp",
        "hostIP": "10.10.25.53",
        "metadata": Object {
          "creationTimestamp": "2018-09-04T18:02:30Z",
          "labels": null,
          "name": "k8s-proxy-10.10.25.53",
          "namespace": "kube-system",
          "uid": "",
        },
        "podIP": "10.10.25.53",
        "startedAt": "2018-09-04T18:02:30Z",
        "status": "Running",
      },
      Object {
        "cluster": "mycluster-icp",
        "hostIP": "10.10.25.44",
        "metadata": Object {
          "creationTimestamp": "2018-09-04T18:02:43Z",
          "labels": null,
          "name": "kube-dns-4jwn4",
          "namespace": "kube-system",
          "uid": "",
        },
        "podIP": "10.1.15.1",
        "startedAt": "2018-09-04T18:02:43Z",
        "status": "Running",
      },
      Object {
        "cluster": "mycluster-icp",
        "hostIP": "10.10.25.44",
        "metadata": Object {
          "creationTimestamp": "2018-09-04T18:22:45Z",
          "labels": null,
          "name": "logging-elk-client-798bc97498-r58mm",
          "namespace": "kube-system",
          "uid": "",
        },
        "podIP": "10.1.15.34",
        "startedAt": "2018-09-04T18:22:45Z",
        "status": "Running",
      },
      Object {
        "cluster": "mycluster-icp",
        "hostIP": "10.10.25.44",
        "metadata": Object {
          "creationTimestamp": "2018-09-04T18:22:45Z",
          "labels": null,
          "name": "logging-elk-data-0",
          "namespace": "kube-system",
          "uid": "",
        },
        "podIP": "10.1.15.35",
        "startedAt": "2018-09-04T18:22:45Z",
        "status": "Running",
      },
      Object {
        "cluster": "mycluster-icp",
        "hostIP": "10.10.25.44",
        "metadata": Object {
          "creationTimestamp": "2018-09-04T18:22:45Z",
          "labels": null,
          "name": "logging-elk-elasticsearch-tls-init-kw2xs",
          "namespace": "kube-system",
          "uid": "",
        },
        "podIP": "10.1.15.33",
        "startedAt": "2018-09-04T18:22:45Z",
        "status": "Succeeded",
      },
      Object {
        "cluster": "mycluster-icp",
        "hostIP": "10.10.25.52",
        "metadata": Object {
          "creationTimestamp": "2018-09-04T18:22:45Z",
          "labels": null,
          "name": "logging-elk-filebeat-ds-5d686",
          "namespace": "kube-system",
          "uid": "",
        },
        "podIP": "10.1.125.3",
        "startedAt": "2018-09-04T18:22:45Z",
        "status": "Running",
      },
      Object {
        "cluster": "mycluster-icp",
        "hostIP": "10.10.25.53",
        "metadata": Object {
          "creationTimestamp": "2018-09-04T18:22:45Z",
          "labels": null,
          "name": "logging-elk-filebeat-ds-92tf6",
          "namespace": "kube-system",
          "uid": "",
        },
        "podIP": "10.1.162.67",
        "startedAt": "2018-09-04T18:22:45Z",
        "status": "Running",
      },
      Object {
        "cluster": "mycluster-icp",
        "hostIP": "10.10.25.44",
        "metadata": Object {
          "creationTimestamp": "2018-09-04T18:22:45Z",
          "labels": null,
          "name": "logging-elk-filebeat-ds-f4gtb",
          "namespace": "kube-system",
          "uid": "",
        },
        "podIP": "10.1.15.27",
        "startedAt": "2018-09-04T18:22:45Z",
        "status": "Running",
      },
      Object {
        "cluster": "mycluster-icp",
        "hostIP": "10.10.25.44",
        "metadata": Object {
          "creationTimestamp": "2018-09-04T18:22:45Z",
          "labels": null,
          "name": "logging-elk-kibana-8867d7f68-gxgvr",
          "namespace": "kube-system",
          "uid": "",
        },
        "podIP": "10.1.15.30",
        "startedAt": "2018-09-04T18:22:45Z",
        "status": "Running",
      },
      Object {
        "cluster": "mycluster-icp",
        "hostIP": "10.10.25.44",
        "metadata": Object {
          "creationTimestamp": "2018-09-04T18:22:45Z",
          "labels": null,
          "name": "logging-elk-logstash-5b854884f-zfp7g",
          "namespace": "kube-system",
          "uid": "",
        },
        "podIP": "10.1.15.29",
        "startedAt": "2018-09-04T18:22:45Z",
        "status": "Running",
      },
      Object {
        "cluster": "mycluster-icp",
        "hostIP": "10.10.25.44",
        "metadata": Object {
          "creationTimestamp": "2018-09-04T18:22:45Z",
          "labels": null,
          "name": "logging-elk-master-9fb744875-t5xnq",
          "namespace": "kube-system",
          "uid": "",
        },
        "podIP": "10.1.15.28",
        "startedAt": "2018-09-04T18:22:45Z",
        "status": "Running",
      },
      Object {
        "cluster": "mycluster-icp",
        "hostIP": "10.10.25.44",
        "metadata": Object {
          "creationTimestamp": "2018-09-04T18:04:49Z",
          "labels": null,
          "name": "mariadb-0",
          "namespace": "kube-system",
          "uid": "",
        },
        "podIP": "10.10.25.44",
        "startedAt": "2018-09-04T18:04:49Z",
        "status": "Running",
      },
      Object {
        "cluster": "mycluster-icp",
        "hostIP": "10.10.25.53",
        "metadata": Object {
          "creationTimestamp": "2018-09-05T15:35:27Z",
          "labels": null,
          "name": "mcm-ibm-mcm-controller-apiserver-6dc9fdb79c-g2jh7",
          "namespace": "kube-system",
          "uid": "",
        },
        "podIP": "10.1.162.99",
        "startedAt": "2018-09-05T15:35:27Z",
        "status": "Running",
      },
      Object {
        "cluster": "mycluster-icp",
        "hostIP": "10.10.25.52",
        "metadata": Object {
          "creationTimestamp": "2018-09-05T15:35:27Z",
          "labels": null,
          "name": "mcm-ibm-mcm-controller-controller-695c456877-cr7cd",
          "namespace": "kube-system",
          "uid": "",
        },
        "podIP": "10.1.125.22",
        "startedAt": "2018-09-05T15:35:27Z",
        "status": "Running",
      },
      Object {
        "cluster": "mycluster-icp",
        "hostIP": "10.10.25.53",
        "metadata": Object {
          "creationTimestamp": "2018-09-05T15:35:27Z",
          "labels": null,
          "name": "mcm-ibm-mcm-controller-hcmui-7db45c68bc-k58xk",
          "namespace": "kube-system",
          "uid": "",
        },
        "podIP": "10.1.162.96",
        "startedAt": "2018-09-05T15:35:27Z",
        "status": "Running",
      },
      Object {
        "cluster": "mycluster-icp",
        "hostIP": "10.10.25.52",
        "metadata": Object {
          "creationTimestamp": "2018-09-05T15:35:27Z",
          "labels": null,
          "name": "mcm-ibm-mcm-controller-hcmuiapi-cd98f45f9-rp75j",
          "namespace": "kube-system",
          "uid": "",
        },
        "podIP": "10.1.125.20",
        "startedAt": "2018-09-05T15:35:27Z",
        "status": "Running",
      },
      Object {
        "cluster": "mycluster-icp",
        "hostIP": "10.10.25.53",
        "metadata": Object {
          "creationTimestamp": "2018-09-05T15:35:27Z",
          "labels": null,
          "name": "mcm-ibm-mcm-controller-klusterlet-bffb6589d-nbxvt",
          "namespace": "kube-system",
          "uid": "",
        },
        "podIP": "10.1.162.97",
        "startedAt": "2018-09-05T15:35:27Z",
        "status": "Running",
      },
      Object {
        "cluster": "mycluster-icp",
        "hostIP": "10.10.25.53",
        "metadata": Object {
          "creationTimestamp": "2018-09-05T15:35:27Z",
          "labels": null,
          "name": "mcm-ibm-mcm-controller-mongodb-78bb4d644f-9wjxr",
          "namespace": "kube-system",
          "uid": "",
        },
        "podIP": "10.1.162.98",
        "startedAt": "2018-09-05T15:35:27Z",
        "status": "Running",
      },
      Object {
        "cluster": "mycluster-icp",
        "hostIP": "10.10.25.52",
        "metadata": Object {
          "creationTimestamp": "2018-09-05T15:37:30Z",
          "labels": null,
          "name": "mcm-ibm-mcm-controller-prometheus-64f87b8b66-7h2bt",
          "namespace": "kube-system",
          "uid": "",
        },
        "podIP": "10.1.125.26",
        "startedAt": "2018-09-05T15:37:31Z",
        "status": "Running",
      },
      Object {
        "cluster": "mycluster-icp",
        "hostIP": "10.10.25.52",
        "metadata": Object {
          "creationTimestamp": "2018-09-05T15:35:27Z",
          "labels": null,
          "name": "mcm-ibm-mcm-controller-weave-scope-app-6f4df486df-q2ts4",
          "namespace": "kube-system",
          "uid": "",
        },
        "podIP": "10.1.125.23",
        "startedAt": "2018-09-05T15:35:27Z",
        "status": "Running",
      },
      Object {
        "cluster": "mycluster-icp",
        "hostIP": "10.10.25.44",
        "metadata": Object {
          "creationTimestamp": "2018-09-05T15:35:27Z",
          "labels": null,
          "name": "mcm-ibm-mcm-controller-weave-scope-bvsnm",
          "namespace": "kube-system",
          "uid": "",
        },
        "podIP": "10.10.25.44",
        "startedAt": "2018-09-05T15:35:27Z",
        "status": "Running",
      },
      Object {
        "cluster": "mycluster-icp",
        "hostIP": "10.10.25.53",
        "metadata": Object {
          "creationTimestamp": "2018-09-05T15:35:27Z",
          "labels": null,
          "name": "mcm-ibm-mcm-controller-weave-scope-hcg5f",
          "namespace": "kube-system",
          "uid": "",
        },
        "podIP": "10.10.25.53",
        "startedAt": "2018-09-05T15:35:27Z",
        "status": "Running",
      },
      Object {
        "cluster": "mycluster-icp",
        "hostIP": "10.10.25.52",
        "metadata": Object {
          "creationTimestamp": "2018-09-05T15:35:27Z",
          "labels": null,
          "name": "mcm-ibm-mcm-controller-weave-scope-vdchb",
          "namespace": "kube-system",
          "uid": "",
        },
        "podIP": "10.10.25.52",
        "startedAt": "2018-09-05T15:35:27Z",
        "status": "Running",
      },
      Object {
        "cluster": "mycluster-icp",
        "hostIP": "10.10.25.44",
        "metadata": Object {
          "creationTimestamp": "2018-09-04T18:19:04Z",
          "labels": null,
          "name": "metering-dm-787467488d-g4p2g",
          "namespace": "kube-system",
          "uid": "",
        },
        "podIP": "10.1.15.22",
        "startedAt": "2018-09-04T18:19:04Z",
        "status": "Running",
      },
      Object {
        "cluster": "mycluster-icp",
        "hostIP": "10.10.25.53",
        "metadata": Object {
          "creationTimestamp": "2018-09-04T18:19:04Z",
          "labels": null,
          "name": "metering-reader-jmnwz",
          "namespace": "kube-system",
          "uid": "",
        },
        "podIP": "10.1.162.66",
        "startedAt": "2018-09-04T18:19:04Z",
        "status": "Running",
      },
      Object {
        "cluster": "mycluster-icp",
        "hostIP": "10.10.25.52",
        "metadata": Object {
          "creationTimestamp": "2018-09-04T18:19:04Z",
          "labels": null,
          "name": "metering-reader-rdsg4",
          "namespace": "kube-system",
          "uid": "",
        },
        "podIP": "10.1.125.2",
        "startedAt": "2018-09-04T18:19:04Z",
        "status": "Running",
      },
      Object {
        "cluster": "mycluster-icp",
        "hostIP": "10.10.25.44",
        "metadata": Object {
          "creationTimestamp": "2018-09-04T18:19:04Z",
          "labels": null,
          "name": "metering-reader-v7fnw",
          "namespace": "kube-system",
          "uid": "",
        },
        "podIP": "10.1.15.21",
        "startedAt": "2018-09-04T18:19:04Z",
        "status": "Running",
      },
      Object {
        "cluster": "mycluster-icp",
        "hostIP": "10.10.25.44",
        "metadata": Object {
          "creationTimestamp": "2018-09-04T18:19:04Z",
          "labels": null,
          "name": "metering-ui-6d5f5955bb-mdwkq",
          "namespace": "kube-system",
          "uid": "",
        },
        "podIP": "10.1.15.23",
        "startedAt": "2018-09-04T18:19:04Z",
        "status": "Running",
      },
      Object {
        "cluster": "mycluster-icp",
        "hostIP": "10.10.25.44",
        "metadata": Object {
          "creationTimestamp": "2018-09-04T18:04:57Z",
          "labels": null,
          "name": "metrics-server-68b6f7c87c-dt58v",
          "namespace": "kube-system",
          "uid": "",
        },
        "podIP": "10.1.15.11",
        "startedAt": "2018-09-04T18:04:57Z",
        "status": "Running",
      },
      Object {
        "cluster": "mycluster-icp",
        "hostIP": "10.10.25.44",
        "metadata": Object {
          "creationTimestamp": "2018-09-04T18:23:51Z",
          "labels": null,
          "name": "mgmt-repo-66f5c45666-9bttc",
          "namespace": "kube-system",
          "uid": "",
        },
        "podIP": "10.1.15.45",
        "startedAt": "2018-09-04T18:23:51Z",
        "status": "Running",
      },
      Object {
        "cluster": "mycluster-icp",
        "hostIP": "10.10.25.44",
        "metadata": Object {
          "creationTimestamp": "2018-09-04T18:22:55Z",
          "labels": null,
          "name": "monitoring-grafana-6bd5f4dfd4-drv7h",
          "namespace": "kube-system",
          "uid": "",
        },
        "podIP": "10.1.15.36",
        "startedAt": "2018-09-04T18:22:56Z",
        "status": "Running",
      },
      Object {
        "cluster": "mycluster-icp",
        "hostIP": "10.10.25.44",
        "metadata": Object {
          "creationTimestamp": "2018-09-04T18:22:56Z",
          "labels": null,
          "name": "monitoring-prometheus-5f6b78c476-lmd86",
          "namespace": "kube-system",
          "uid": "",
        },
        "podIP": "10.1.15.32",
        "startedAt": "2018-09-04T18:22:56Z",
        "status": "Running",
      },
      Object {
        "cluster": "mycluster-icp",
        "hostIP": "10.10.25.44",
        "metadata": Object {
          "creationTimestamp": "2018-09-04T18:22:55Z",
          "labels": null,
          "name": "monitoring-prometheus-alertmanager-78f685499-2ncvw",
          "namespace": "kube-system",
          "uid": "",
        },
        "podIP": "10.1.15.31",
        "startedAt": "2018-09-04T18:22:56Z",
        "status": "Running",
      },
      Object {
        "cluster": "mycluster-icp",
        "hostIP": "10.10.25.44",
        "metadata": Object {
          "creationTimestamp": "2018-09-04T18:22:56Z",
          "labels": null,
          "name": "monitoring-prometheus-collectdexporter-9b97f8957-krs8g",
          "namespace": "kube-system",
          "uid": "",
        },
        "podIP": "10.1.15.41",
        "startedAt": "2018-09-04T18:22:56Z",
        "status": "Running",
      },
      Object {
        "cluster": "mycluster-icp",
        "hostIP": "10.10.25.44",
        "metadata": Object {
          "creationTimestamp": "2018-09-04T18:22:55Z",
          "labels": null,
          "name": "monitoring-prometheus-elasticsearchexporter-855486d598-sl692",
          "namespace": "kube-system",
          "uid": "",
        },
        "podIP": "10.1.15.42",
        "startedAt": "2018-09-04T18:22:56Z",
        "status": "Running",
      },
      Object {
        "cluster": "mycluster-icp",
        "hostIP": "10.10.25.44",
        "metadata": Object {
          "creationTimestamp": "2018-09-04T18:22:55Z",
          "labels": null,
          "name": "monitoring-prometheus-kubestatemetrics-db594d5db-bdrz6",
          "namespace": "kube-system",
          "uid": "",
        },
        "podIP": "10.1.15.39",
        "startedAt": "2018-09-04T18:22:56Z",
        "status": "Running",
      },
      Object {
        "cluster": "mycluster-icp",
        "hostIP": "10.10.25.44",
        "metadata": Object {
          "creationTimestamp": "2018-09-04T18:22:55Z",
          "labels": null,
          "name": "monitoring-prometheus-nodeexporter-6flp9",
          "namespace": "kube-system",
          "uid": "",
        },
        "podIP": "10.10.25.44",
        "startedAt": "2018-09-04T18:22:56Z",
        "status": "Running",
      },
      Object {
        "cluster": "mycluster-icp",
        "hostIP": "10.10.25.53",
        "metadata": Object {
          "creationTimestamp": "2018-09-04T18:22:55Z",
          "labels": null,
          "name": "monitoring-prometheus-nodeexporter-jrwtk",
          "namespace": "kube-system",
          "uid": "",
        },
        "podIP": "10.10.25.53",
        "startedAt": "2018-09-04T18:22:56Z",
        "status": "Running",
      },
      Object {
        "cluster": "mycluster-icp",
        "hostIP": "10.10.25.52",
        "metadata": Object {
          "creationTimestamp": "2018-09-04T18:22:55Z",
          "labels": null,
          "name": "monitoring-prometheus-nodeexporter-rqgx9",
          "namespace": "kube-system",
          "uid": "",
        },
        "podIP": "10.10.25.52",
        "startedAt": "2018-09-04T18:22:56Z",
        "status": "Running",
      },
      Object {
        "cluster": "mycluster-icp",
        "hostIP": "10.10.25.44",
        "metadata": Object {
          "creationTimestamp": "2018-09-04T18:04:45Z",
          "labels": null,
          "name": "nginx-ingress-controller-6stqq",
          "namespace": "kube-system",
          "uid": "",
        },
        "podIP": "10.1.15.8",
        "startedAt": "2018-09-04T18:04:45Z",
        "status": "Running",
      },
      Object {
        "cluster": "mycluster-icp",
        "hostIP": "10.10.25.44",
        "metadata": Object {
          "creationTimestamp": "2018-09-04T18:03:53Z",
          "labels": null,
          "name": "nvidia-device-plugin-5m9t8",
          "namespace": "kube-system",
          "uid": "",
        },
        "podIP": "10.1.15.3",
        "startedAt": "2018-09-04T18:03:53Z",
        "status": "Running",
      },
      Object {
        "cluster": "mycluster-icp",
        "hostIP": "10.10.25.52",
        "metadata": Object {
          "creationTimestamp": "2018-09-04T18:03:53Z",
          "labels": null,
          "name": "nvidia-device-plugin-l7lcc",
          "namespace": "kube-system",
          "uid": "",
        },
        "podIP": "10.1.125.1",
        "startedAt": "2018-09-04T18:03:53Z",
        "status": "Running",
      },
      Object {
        "cluster": "mycluster-icp",
        "hostIP": "10.10.25.53",
        "metadata": Object {
          "creationTimestamp": "2018-09-04T18:03:53Z",
          "labels": null,
          "name": "nvidia-device-plugin-xctrm",
          "namespace": "kube-system",
          "uid": "",
        },
        "podIP": "10.1.162.65",
        "startedAt": "2018-09-04T18:03:53Z",
        "status": "Running",
      },
      Object {
        "cluster": "mycluster-icp",
        "hostIP": "10.10.25.44",
        "metadata": Object {
          "creationTimestamp": "2018-09-04T18:07:09Z",
          "labels": null,
          "name": "oidc-client-registration-4c4sx",
          "namespace": "kube-system",
          "uid": "",
        },
        "podIP": "10.1.15.12",
        "startedAt": "2018-09-04T18:07:09Z",
        "status": "Succeeded",
      },
      Object {
        "cluster": "mycluster-icp",
        "hostIP": "10.10.25.44",
        "metadata": Object {
          "creationTimestamp": "2018-09-04T18:04:53Z",
          "labels": null,
          "name": "platform-api-t7htd",
          "namespace": "kube-system",
          "uid": "",
        },
        "podIP": "10.1.15.25",
        "startedAt": "2018-09-04T18:04:53Z",
        "status": "Running",
      },
      Object {
        "cluster": "mycluster-icp",
        "hostIP": "10.10.25.44",
        "metadata": Object {
          "creationTimestamp": "2018-09-04T18:04:53Z",
          "labels": null,
          "name": "platform-deploy-f924g",
          "namespace": "kube-system",
          "uid": "",
        },
        "podIP": "10.1.15.10",
        "startedAt": "2018-09-04T18:04:53Z",
        "status": "Running",
      },
      Object {
        "cluster": "mycluster-icp",
        "hostIP": "10.10.25.44",
        "metadata": Object {
          "creationTimestamp": "2018-09-04T18:19:12Z",
          "labels": null,
          "name": "platform-ui-9mdbl",
          "namespace": "kube-system",
          "uid": "",
        },
        "podIP": "10.1.15.24",
        "startedAt": "2018-09-04T18:19:12Z",
        "status": "Running",
      },
      Object {
        "cluster": "mycluster-icp",
        "hostIP": "10.10.25.44",
        "metadata": Object {
          "creationTimestamp": "2018-09-04T18:23:55Z",
          "labels": null,
          "name": "secret-watcher-6c55bb5d79-m67cq",
          "namespace": "kube-system",
          "uid": "",
        },
        "podIP": "10.1.15.46",
        "startedAt": "2018-09-04T18:23:55Z",
        "status": "Running",
      },
      Object {
        "cluster": "mycluster-icp",
        "hostIP": "10.10.25.44",
        "metadata": Object {
          "creationTimestamp": "2018-09-04T18:24:00Z",
          "labels": null,
          "name": "security-onboarding-lqwhl",
          "namespace": "kube-system",
          "uid": "",
        },
        "podIP": "10.1.15.47",
        "startedAt": "2018-09-04T18:24:00Z",
        "status": "Succeeded",
      },
      Object {
        "cluster": "mycluster-icp",
        "hostIP": "10.10.25.44",
        "metadata": Object {
          "creationTimestamp": "2018-09-04T18:04:42Z",
          "labels": null,
          "name": "service-catalog-apiserver-s8djs",
          "namespace": "kube-system",
          "uid": "",
        },
        "podIP": "10.1.15.6",
        "startedAt": "2018-09-04T18:04:42Z",
        "status": "Running",
      },
      Object {
        "cluster": "mycluster-icp",
        "hostIP": "10.10.25.44",
        "metadata": Object {
          "creationTimestamp": "2018-09-04T18:04:42Z",
          "labels": null,
          "name": "service-catalog-controller-manager-585fff6885-qdwg6",
          "namespace": "kube-system",
          "uid": "",
        },
        "podIP": "10.1.15.7",
        "startedAt": "2018-09-04T18:04:42Z",
        "status": "Running",
      },
      Object {
        "cluster": "mycluster-icp",
        "hostIP": "10.10.25.44",
        "metadata": Object {
          "creationTimestamp": "2018-09-04T18:02:11Z",
          "labels": null,
          "name": "tiller-deploy-7d4dffd794-57m6m",
          "namespace": "kube-system",
          "uid": "",
        },
        "podIP": "10.10.25.44",
        "startedAt": "2018-09-04T18:02:11Z",
        "status": "Running",
      },
      Object {
        "cluster": "mycluster-icp",
        "hostIP": "10.10.25.44",
        "metadata": Object {
          "creationTimestamp": "2018-09-04T18:22:49Z",
          "labels": null,
          "name": "unified-router-hdqjm",
          "namespace": "kube-system",
          "uid": "",
        },
        "podIP": "10.1.15.37",
        "startedAt": "2018-09-04T18:22:49Z",
        "status": "Running",
      },
    ],
  },
}
`;
