// Jest Snapshot v1, https://goo.gl/fbAQLP

exports[`Policy Resolver Correctly Resolves Create Policy Mutation 1`] = `
Object {
  "data": Object {
    "createPolicy": null,
  },
  "errors": Array [
    Object {
      "extensions": Object {
        "code": "INTERNAL_SERVER_ERROR",
        "exception": Object {
          "stacktrace": Array [
            "Error: namespaces \\"mcm\\" not found",
            "",
            "    at ComplianceModel.createPolicy (/Users/fxiang/workspaces/console-api/src/v2/models/compliance.js:51:13)",
            "    at processTicksAndRejections (internal/process/task_queues.js:97:5)",
          ],
        },
      },
      "locations": Array [
        Object {
          "column": 11,
          "line": 3,
        },
      ],
      "message": "namespaces \\"mcm\\" not found
",
      "path": Array [
        "createPolicy",
      ],
    },
  ],
}
`;

exports[`Policy Resolver Correctly Resolves Policy List Query 1`] = `
Object {
  "data": Object {
    "policies": Array [],
  },
}
`;

exports[`Policy Resolver Correctly Resolves Single Policy Query 1`] = `
Object {
  "data": Object {
    "policies": Array [],
  },
}
`;
