// Jest Snapshot v1, https://goo.gl/fbAQLP

exports[`PVs Resolver Correctly Resolves PVs Query 1`] = `
Object {
  "data": Object {
    "pvs": Array [
      Object {
        "accessModes": Array [
          "ReadWriteOnce",
        ],
        "capacity": "5Gi",
        "claim": "/var/lib/icp/helmrepo",
        "claimRef": Object {
          "name": "helm-repo-pvc",
          "namespace": "kube-system",
        },
        "cluster": Object {
          "metadata": Object {
            "name": "mycluster",
          },
        },
        "metadata": Object {
          "name": "helm-repo-pv",
          "namespace": null,
        },
        "reclaimPolicy": "Delete",
        "status": "Bound",
        "type": "Hostpath",
      },
      Object {
        "accessModes": Array [
          "ReadWriteOnce",
        ],
        "capacity": "20Gi",
        "claim": "/var/lib/registry",
        "claimRef": Object {
          "name": "image-manager-image-manager-0",
          "namespace": "kube-system",
        },
        "cluster": Object {
          "metadata": Object {
            "name": "mycluster",
          },
        },
        "metadata": Object {
          "name": "image-manager-9.42.23.230",
          "namespace": null,
        },
        "reclaimPolicy": "Retain",
        "status": "Bound",
        "type": "LocalVolume",
      },
      Object {
        "accessModes": Array [
          "ReadWriteOnce",
        ],
        "capacity": "20Gi",
        "claim": "/var/lib/icp/logging/elk-data",
        "claimRef": Object {
          "name": null,
          "namespace": null,
        },
        "cluster": Object {
          "metadata": Object {
            "name": "mycluster",
          },
        },
        "metadata": Object {
          "name": "logging-datanode-9.42.23.230",
          "namespace": null,
        },
        "reclaimPolicy": "Retain",
        "status": "Available",
        "type": "LocalVolume",
      },
      Object {
        "accessModes": Array [
          "ReadWriteOnce",
        ],
        "capacity": "10Gi",
        "claim": "/var/lib/mysql",
        "claimRef": Object {
          "name": "mysqldata-mariadb-0",
          "namespace": "kube-system",
        },
        "cluster": Object {
          "metadata": Object {
            "name": "mycluster",
          },
        },
        "metadata": Object {
          "name": "mariadb-9.42.23.230",
          "namespace": null,
        },
        "reclaimPolicy": "Retain",
        "status": "Bound",
        "type": "LocalVolume",
      },
      Object {
        "accessModes": Array [
          "ReadWriteOnce",
        ],
        "capacity": "5Gi",
        "claim": "/var/lib/icp/mgmtrepo",
        "claimRef": Object {
          "name": "mgmt-repo-pvc",
          "namespace": "kube-system",
        },
        "cluster": Object {
          "metadata": Object {
            "name": "mycluster",
          },
        },
        "metadata": Object {
          "name": "mgmt-repo-pv",
          "namespace": null,
        },
        "reclaimPolicy": "Delete",
        "status": "Bound",
        "type": "Hostpath",
      },
      Object {
        "accessModes": Array [
          "ReadWriteOnce",
        ],
        "capacity": "20Gi",
        "claim": "/var/lib/icp/mongodb",
        "claimRef": Object {
          "name": "mongodbdir-icp-mongodb-0",
          "namespace": "kube-system",
        },
        "cluster": Object {
          "metadata": Object {
            "name": "mycluster",
          },
        },
        "metadata": Object {
          "name": "mongodb-9.42.23.230",
          "namespace": null,
        },
        "reclaimPolicy": "Retain",
        "status": "Bound",
        "type": "LocalVolume",
      },
    ],
  },
}
`;

exports[`PVs Resolver Correctly Resolves PVsClaims Query 1`] = `
Object {
  "data": Object {
    "pvsClaims": Array [
      Object {
        "accessModes": Array [
          "ReadWriteOnce",
        ],
        "cluster": Object {
          "metadata": Object {
            "name": "mycluster",
          },
        },
        "metadata": Object {
          "name": "helm-repo-pvc",
          "namespace": "kube-system",
        },
        "persistentVolume": "helm-repo-pv",
        "requests": "5Gi",
        "status": "Bound",
      },
      Object {
        "accessModes": Array [
          "ReadWriteOnce",
        ],
        "cluster": Object {
          "metadata": Object {
            "name": "mycluster",
          },
        },
        "metadata": Object {
          "name": "image-manager-image-manager-0",
          "namespace": "kube-system",
        },
        "persistentVolume": "image-manager-9.42.23.230",
        "requests": "20Gi",
        "status": "Bound",
      },
      Object {
        "accessModes": Array [
          "ReadWriteOnce",
        ],
        "cluster": Object {
          "metadata": Object {
            "name": "mycluster",
          },
        },
        "metadata": Object {
          "name": "mgmt-repo-pvc",
          "namespace": "kube-system",
        },
        "persistentVolume": "mgmt-repo-pv",
        "requests": "5Gi",
        "status": "Bound",
      },
      Object {
        "accessModes": Array [
          "ReadWriteOnce",
        ],
        "cluster": Object {
          "metadata": Object {
            "name": "mycluster",
          },
        },
        "metadata": Object {
          "name": "mongodbdir-icp-mongodb-0",
          "namespace": "kube-system",
        },
        "persistentVolume": "mongodb-9.42.23.230",
        "requests": "20Gi",
        "status": "Bound",
      },
      Object {
        "accessModes": Array [
          "ReadWriteOnce",
        ],
        "cluster": Object {
          "metadata": Object {
            "name": "mycluster",
          },
        },
        "metadata": Object {
          "name": "mysqldata-mariadb-0",
          "namespace": "kube-system",
        },
        "persistentVolume": "mariadb-9.42.23.230",
        "requests": "10Gi",
        "status": "Bound",
      },
    ],
  },
}
`;
