// Jest Snapshot v1, https://goo.gl/fbAQLP

exports[`Topology Resolver Correctly Resolves Topology Query 1`] = `
Object {
  "data": Object {
    "topology": null,
  },
  "errors": Array [
    Object {
      "extensions": Object {
        "code": "INTERNAL_SERVER_ERROR",
      },
      "locations": Array [
        Object {
          "column": 11,
          "line": 3,
        },
      ],
      "message": "Cannot read property 'deployablePaths' of undefined",
      "path": Array [
        "topology",
      ],
    },
  ],
}
`;
