// Jest Snapshot v1, https://goo.gl/fbAQLP

exports[`User Access Resolver Correctly Resolves User Access Query 1`] = `
Object {
  "data": Object {
    "userAccess": Object {
      "allowed": true,
      "reason": "RBAC: allowed by ClusterRoleBinding \\"cluster-admins\\" of ClusterRole \\"cluster-admin\\" to Group \\"system:cluster-admins\\"",
    },
  },
}
`;
