// Jest Snapshot v1, https://goo.gl/fbAQLP

exports[`Application Resolver correctly resolves applications query 1`] = `
Array [
  Object {
    "Annotations": Object {
      "description": "Fund Trader Application",
      "status": "registered",
      "type": "instance",
    },
    "Components": Array [
      Object {
        "Cluster": "toronto",
        "Dashboard": "",
        "Kind": "APPLICATIONSERVICE",
        "Name": "fundsrv",
        "Status": "",
      },
      Object {
        "Cluster": "toronto",
        "Dashboard": "",
        "Kind": "CACHESERVICE",
        "Name": "redis-fund",
        "Status": "",
      },
    ],
    "Dashboard": "",
    "Dependencies": Array [
      Object {
        "Cluster": "toronto",
        "Dashboard": "",
        "Kind": "APPLICATIONSERVICE",
        "Name": "odm",
        "Status": "",
      },
      Object {
        "Cluster": "toronto",
        "Dashboard": "",
        "Kind": "MESSAGEQUEUE",
        "Name": "mq",
        "Status": "",
      },
      Object {
        "Cluster": "toronto",
        "Dashboard": "",
        "Kind": "DATABASESERVICE",
        "Name": "db2",
        "Status": "",
      },
    ],
    "Labels": Object {
      "APPLICATION": "",
      "fundtrader": "",
      "instance": "",
    },
    "Name": "fundtrader",
    "Relationships": Array [
      Object {
        "End": Object {
          "Cluster": "toronto",
          "Dashboard": "",
          "Kind": "APPLICATIONSERVICE",
          "Name": "odm",
          "Status": "",
        },
        "Start": Object {
          "Cluster": "toronto",
          "Dashboard": "",
          "Kind": "APPLICATIONSERVICE",
          "Name": "fundsrv",
          "Status": "",
        },
        "Status": "",
        "Type": "usesExisting",
      },
      Object {
        "End": Object {
          "Cluster": "toronto",
          "Dashboard": "",
          "Kind": "MESSAGEQUEUE",
          "Name": "mq",
          "Status": "",
        },
        "Start": Object {
          "Cluster": "toronto",
          "Dashboard": "",
          "Kind": "APPLICATIONSERVICE",
          "Name": "fundsrv",
          "Status": "",
        },
        "Status": "",
        "Type": "usesExisting",
      },
      Object {
        "End": Object {
          "Cluster": "toronto",
          "Dashboard": "",
          "Kind": "CACHESERVICE",
          "Name": "redis-fund",
          "Status": "",
        },
        "Start": Object {
          "Cluster": "toronto",
          "Dashboard": "",
          "Kind": "APPLICATIONSERVICE",
          "Name": "fundsrv",
          "Status": "",
        },
        "Status": "",
        "Type": "usesCreated",
      },
      Object {
        "End": Object {
          "Cluster": "toronto",
          "Dashboard": "",
          "Kind": "DATABASESERVICE",
          "Name": "db2",
          "Status": "",
        },
        "Start": Object {
          "Cluster": "toronto",
          "Dashboard": "",
          "Kind": "APPLICATIONSERVICE",
          "Name": "fundsrv",
          "Status": "",
        },
        "Status": "",
        "Type": "usesExisting",
      },
    ],
    "Status": "registered",
  },
  Object {
    "Annotations": Object {
      "description": "Sample Application for deploy",
      "status": "deployed",
      "type": "instance",
    },
    "Components": Array [
      Object {
        "Cluster": "myminikube",
        "Dashboard": "",
        "Kind": "APPLICATIONSERVICE",
        "Name": "player2",
        "Status": "deployed",
      },
      Object {
        "Cluster": "toronto",
        "Dashboard": "",
        "Kind": "APPLICATIONSERVICE",
        "Name": "player1",
        "Status": "deployed",
      },
    ],
    "Dashboard": "",
    "Dependencies": null,
    "Labels": Object {
      "APPLICATION": "",
      "instance": "",
      "players": "",
    },
    "Name": "players",
    "Relationships": null,
    "Status": "deployed",
  },
]
`;
