// Jest Snapshot v1, https://goo.gl/fbAQLP

exports[`Cluster Resolver correctly resolves query 1`] = `
Array [
  Object {
    "AgentEndpoint": "",
    "CPURequestsFraction": 29.4375,
    "ClusterEndpoint": "",
    "ClusterName": "crucial-owl",
    "Conflict": false,
    "Labels": Object {
      "cloud": "IBM",
      "clusterip": "9.42.80.212",
      "datacenter": "toronto",
      "environment": "Dev",
      "owner": "marketing",
      "region": "US",
      "runtime": "kubernetes",
      "vendor": "ICP",
    },
    "LastHeard": "2018-06-28T14:15:49.223123339Z",
    "LastLocation": "10.1.112.79:56372",
    "LogConfig": "",
    "MemoryRequestsFraction": 38.54253465646542,
    "Metrics": Object {
      "Available Nodes": "3",
      "Available Storage": "0GB",
    },
    "ProxyEndpoint": "",
    "Status": "healthy",
    "StorageUsageFraction": 100,
    "TotalCpus": 16,
    "TotalDeployments": 30,
    "TotalMemory": 33253847040,
    "TotalNodes": 3,
    "TotalPods": 78,
    "TotalReadyNodes": 3,
    "TotalServices": 49,
    "TotalStorage": 93415538688,
  },
  Object {
    "AgentEndpoint": "",
    "CPURequestsFraction": 5.05,
    "ClusterEndpoint": "",
    "ClusterName": "pumped-whale",
    "Conflict": false,
    "Labels": Object {
      "cloud": "IBM",
      "clusterip": "9.42.83.227",
      "datacenter": "raleigh",
      "environment": "Dev",
      "owner": "marketing",
      "region": "US",
      "runtime": "kubernetes",
      "vendor": "ICP",
    },
    "LastHeard": "2018-06-28T14:15:48.47002593Z",
    "LastLocation": "10.1.112.79:56360",
    "LogConfig": "",
    "MemoryRequestsFraction": 15.833786311551565,
    "Metrics": Object {
      "Available Nodes": "5",
      "Available Storage": "0GB",
    },
    "ProxyEndpoint": "",
    "Status": "healthy",
    "StorageUsageFraction": 100,
    "TotalCpus": 20,
    "TotalDeployments": 23,
    "TotalMemory": 41331200000,
    "TotalNodes": 5,
    "TotalPods": 80,
    "TotalReadyNodes": 5,
    "TotalServices": 40,
    "TotalStorage": 69793218560,
  },
]
`;
