// Jest Snapshot v1, https://goo.gl/fbAQLP

exports[`Helm charts Resolver Correctly resolves helm charts query 1`] = `
Array [
  Object {
    "Name": "acs-engine-autoscaler",
    "RepoName": "test",
    "URLs": Array [
      "https://kubernetes-charts.storage.googleapis.com/acs-engine-autoscaler-2.2.0.tgz",
    ],
    "Version": "2.2.0",
  },
  Object {
    "Name": "acs-engine-autoscaler",
    "RepoName": "test",
    "URLs": Array [
      "https://kubernetes-charts.storage.googleapis.com/acs-engine-autoscaler-2.2.0.tgz",
    ],
    "Version": "2.2.0",
  },
  Object {
    "Name": "acs-engine-autoscaler",
    "RepoName": "test",
    "URLs": Array [
      "https://kubernetes-charts.storage.googleapis.com/acs-engine-autoscaler-2.2.0.tgz",
    ],
    "Version": "2.2.0",
  },
  Object {
    "Name": "aerospike",
    "RepoName": "test",
    "URLs": Array [
      "https://kubernetes-charts.storage.googleapis.com/aerospike-0.1.7.tgz",
    ],
    "Version": "0.1.7",
  },
  Object {
    "Name": "aerospike",
    "RepoName": "test",
    "URLs": Array [
      "https://kubernetes-charts.storage.googleapis.com/aerospike-0.1.7.tgz",
    ],
    "Version": "0.1.7",
  },
  Object {
    "Name": "aerospike",
    "RepoName": "test",
    "URLs": Array [
      "https://kubernetes-charts.storage.googleapis.com/aerospike-0.1.7.tgz",
    ],
    "Version": "0.1.7",
  },
  Object {
    "Name": "anchore-engine",
    "RepoName": "test",
    "URLs": Array [
      "https://kubernetes-charts.storage.googleapis.com/anchore-engine-0.1.7.tgz",
    ],
    "Version": "0.1.7",
  },
  Object {
    "Name": "anchore-engine",
    "RepoName": "test",
    "URLs": Array [
      "https://kubernetes-charts.storage.googleapis.com/anchore-engine-0.1.7.tgz",
    ],
    "Version": "0.1.7",
  },
  Object {
    "Name": "anchore-engine",
    "RepoName": "test",
    "URLs": Array [
      "https://kubernetes-charts.storage.googleapis.com/anchore-engine-0.1.7.tgz",
    ],
    "Version": "0.1.7",
  },
]
`;

exports[`Helm charts Resolver Correctly resolves install helm chart mutation 1`] = `
Array [
  Object {
    "ChartName": "hcm-demoaccessories",
    "ChartVersion": "0.1.0",
    "HDetails": Object {
      "Description": "Install complete",
      "FirstDeployed": Object {
        "nanos": 619138559,
        "seconds": 1531239519,
      },
      "Images": Array [
        Object {
          "ImageName": "neo4j:latest",
          "ImagePullPolicy": "IfNotPresent",
        },
        Object {
          "ImageName": "neo4j:latest",
          "ImagePullPolicy": "IfNotPresent",
        },
      ],
      "LastDeployed": Object {
        "nanos": 619138559,
        "seconds": 1531239519,
      },
      "Values": "consul:
  enabled: false
instancedb:
  enabled: true
promethues:
  enabled: false
templatedb:
  enabled: true
",
    },
    "HelmName": "binging-lobster",
    "Namespace": "default",
    "Status": "DEPLOYED",
    "Version": 1,
    "cluster": "crucial-owl",
    "name": "binging-lobster",
  },
  Object {
    "ChartName": "hcm-demoaccessories",
    "ChartVersion": "0.1.0",
    "HDetails": Object {
      "Description": "Install complete",
      "FirstDeployed": Object {
        "nanos": 128814404,
        "seconds": 1531239520,
      },
      "Images": Array [
        Object {
          "ImageName": "neo4j:latest",
          "ImagePullPolicy": "IfNotPresent",
        },
        Object {
          "ImageName": "neo4j:latest",
          "ImagePullPolicy": "IfNotPresent",
        },
      ],
      "LastDeployed": Object {
        "nanos": 128814404,
        "seconds": 1531239520,
      },
      "Values": "consul:
  enabled: false
instancedb:
  enabled: true
promethues:
  enabled: false
templatedb:
  enabled: true
",
    },
    "HelmName": "exiled-anteater",
    "Namespace": "default",
    "Status": "DEPLOYED",
    "Version": 1,
    "cluster": "myminikube",
    "name": "exiled-anteater",
  },
]
`;
